                      :-) GROMACS - gmx mdrun, 2025.2 (-:

Copyright 1991-2025 The GROMACS Authors.
GROMACS is free software; you can redistribute it and/or modify it
under the terms of the GNU Lesser General Public License
as published by the Free Software Foundation; either version 2.1
of the License, or (at your option) any later version.

                         Current GROMACS contributors:
       Mark Abraham           Andrey Alekseenko           Brian Andrews       
      Vladimir Basov              Paul Bauer                Hugh Bird         
      Eliane Briand               Ania Brown              Mahesh Doijade      
      Giacomo Fiorin          Stefan Fleischmann          Sergey Gorelov      
   Gilles Gouaillardet            Alan Gray              M. Eric Irrgang      
   Farzaneh Jalalypour         Petter Johansson          Carsten Kutzner      
    Grzegorz Łazarski         Justin A. Lemkul          Magnus Lundborg      
       Pascal Merz             Vedran Miletić            Dmitry Morozov      
     Lukas Müllender            Julien Nabet             Szilárd Páll      
 Andrea Pasquadibisceglie     Michele Pellegrino         Nicola Piasentin     
     Daniele Rapetti         Muhammad Umair Sadiq         Hubert Santuz       
      Roland Schulz             Michael Shirts           Tatiana Shugaeva     
     Alexey Shvetsov            Philip Turner            Alessandra Villa     
 Sebastian Wingbermühle  

                         Previous GROMACS contributors:
        Emile Apol             Rossen Apostolov           James Barnett       
  Herman J.C. Berendsen         Cathrine Bergh             Par Bjelkmar       
      Christian Blau          Viacheslav Bolnykh            Kevin Boyd        
    Aldert van Buuren          Carlo Camilloni           Rudi van Drunen      
      Anton Feenstra           Oliver Fleetwood            Vytas Gapsys       
       Gaurav Garg             Gerrit Groenhof            Bert de Groot       
      Anca Hamuraru           Vincent Hindriksen          Victor Holanda      
     Aleksei Iupinov              Joe Jordan            Christoph Junghans    
    Prashanth Kanduri        Dimitrios Karkoulis           Peter Kasson       
      Sebastian Kehl           Sebastian Keller             Jiri Kraus        
       Per Larsson              Viveca Lindahl            Erik Marklund       
    Pieter Meulenhoff           Teemu Murtola              Sander Pronk       
      Alfons Sijbers            Balint Soproni         David van der Spoel    
      Peter Tieleman            Carsten Uphoff             Jon Vincent        
     Teemu Virolainen         Christian Wennberg           Maarten Wolf       
      Artem Zhmurov       

                  Coordinated by the GROMACS project leaders:
                           Berk Hess and Erik Lindahl

GROMACS:      gmx mdrun, version 2025.2
Executable:   /home/nanomd/gromacs/bin/gmx
Data prefix:  /home/nanomd/gromacs
Working dir:  /home/nanomd/Desktop/Sakthidhasan/md_pipeline
Process ID:   36000
Command line:
  gmx mdrun -deffnm /home/nanomd/Desktop/Sakthidhasan/md_pipeline/web_jobs/20260820-193119-93455e15/results/production/md -pin on -ntmpi 1 -ntomp 24 -nb gpu -pme gpu -bonded gpu

GROMACS version:     2025.2
Precision:           mixed
Memory model:        64 bit
MPI library:         thread_mpi
OpenMP support:      enabled (GMX_OPENMP_MAX_THREADS = 128)
GPU support:         CUDA
NBNxM GPU setup:     super-cluster 2x2x2 / cluster 8 (cluster-pair splitting on)
SIMD instructions:   AVX2_256
CPU FFT library:     fftw-3.3.10-sse2-avx-avx2-avx2_128
GPU FFT library:     cuFFT
Multi-GPU FFT:       none
RDTSCP usage:        enabled
TNG support:         enabled
Hwloc support:       disabled
Tracing support:     disabled
C compiler:          /usr/bin/cc GNU 13.3.0
C compiler flags:    -fexcess-precision=fast -funroll-all-loops -mavx2 -mfma -Wno-missing-field-initializers -O3 -DNDEBUG
C++ compiler:        /usr/bin/c++ GNU 13.3.0
C++ compiler flags:  -fexcess-precision=fast -funroll-all-loops -mavx2 -mfma -Wno-missing-field-initializers -Wno-cast-function-type-strict SHELL:-fopenmp -O3 -DNDEBUG
BLAS library:        External - detected on the system
LAPACK library:      External - detected on the system
CUDA compiler:       /usr/local/cuda-13.0/bin/nvcc nvcc: NVIDIA (R) Cuda compiler driver;Copyright (c) 2005-2025 NVIDIA Corporation;Built on Wed_Aug_20_01:58:59_PM_PDT_2025;Cuda compilation tools, release 13.0, V13.0.88;Build cuda_13.0.r13.0/compiler.36424714_0
CUDA compiler flags: -O3 -DNDEBUG
CUDA driver:         13.20
CUDA runtime:        13.0


Running on 1 node with total 16 cores, 24 processing units, 1 compatible GPU
Hardware detected on host nanomd-workstation:
  CPU info:
    Vendor: Intel
    Brand:  13th Gen Intel(R) Core(TM) i7-13700
    Family: 6   Model: 183   Stepping: 1
    Features: aes apic avx avx2 clfsh cmov cx8 cx16 f16c fma htt intel lahf mmx msr nonstop_tsc pcid pclmuldq pdcm pdpe1gb popcnt pse rdrnd rdtscp sha sse2 sse3 sse4.1 sse4.2 ssse3 tdt x2apic
  Hardware topology: Basic
    Packages, cores, and logical processors:
    [indices refer to OS logical processors]
      Package  0: [   0   1] [   2   3] [   4   5] [   6   7] [   8   9] [  10  11] [  12  13] [  14  15] [  16] [  17] [  18] [  19] [  20] [  21] [  22] [  23]
    CPU limit set by OS: -1   Recommended max number of threads: 24
  GPU info:
    Number of GPUs detected: 1
    #0: NVIDIA NVIDIA GeForce RTX 3070, compute cap.: 8.6, ECC:  no, stat: compatible


++++ PLEASE READ AND CITE THE FOLLOWING REFERENCE ++++
M. J. Abraham, T. Murtola, R. Schulz, S. Páll, J. C. Smith, B. Hess, E.
Lindahl
GROMACS: High performance molecular simulations through multi-level
parallelism from laptops to supercomputers
SoftwareX (2015)
DOI: 10.1016/j.softx.2015.06.001
-------- -------- --- Thank You --- -------- --------


++++ PLEASE READ AND CITE THE FOLLOWING REFERENCE ++++
S. Páll, M. J. Abraham, C. Kutzner, B. Hess, E. Lindahl
Tackling Exascale Software Challenges in Molecular Dynamics Simulations with
GROMACS
In S. Markidis & E. Laure (Eds.), Solving Software Challenges for Exascale (2015)
DOI: 10.1007/978-3-319-15976-8_1
-------- -------- --- Thank You --- -------- --------


++++ PLEASE READ AND CITE THE FOLLOWING REFERENCE ++++
S. Pronk, S. Páll, R. Schulz, P. Larsson, P. Bjelkmar, R. Apostolov, M. R.
Shirts, J. C. Smith, P. M. Kasson, D. van der Spoel, B. Hess, E. Lindahl
GROMACS 4.5: a high-throughput and highly parallel open source molecular
simulation toolkit
Bioinformatics (2013)
DOI: 10.1093/bioinformatics/btt055
-------- -------- --- Thank You --- -------- --------


++++ PLEASE READ AND CITE THE FOLLOWING REFERENCE ++++
B. Hess, C. Kutzner, D. van der Spoel, E. Lindahl
GROMACS 4: Algorithms for highly efficient, load-balanced, and scalable
molecular simulation
J. Chem. Theory Comput. (2008)
DOI: 10.1021/ct700301q
-------- -------- --- Thank You --- -------- --------


++++ PLEASE READ AND CITE THE FOLLOWING REFERENCE ++++
D. van der Spoel, E. Lindahl, B. Hess, G. Groenhof, A. E. Mark, H. J. C.
Berendsen
GROMACS: Fast, Flexible and Free
J. Comp. Chem. (2005)
DOI: 10.1002/jcc.20291
-------- -------- --- Thank You --- -------- --------


++++ PLEASE READ AND CITE THE FOLLOWING REFERENCE ++++
E. Lindahl, B. Hess, D. van der Spoel
GROMACS 3.0: A package for molecular simulation and trajectory analysis
J. Mol. Mod. (2001)
DOI: 10.1007/s008940100045
-------- -------- --- Thank You --- -------- --------


++++ PLEASE READ AND CITE THE FOLLOWING REFERENCE ++++
H. J. C. Berendsen, D. van der Spoel and R. van Drunen
GROMACS: A message-passing parallel molecular dynamics implementation
Comp. Phys. Comm. (1995)
DOI: 10.1016/0010-4655(95)00042-E
-------- -------- --- Thank You --- -------- --------


++++ PLEASE CITE THE DOI FOR THIS VERSION OF GROMACS ++++
https://doi.org/10.5281/zenodo.15387018
-------- -------- --- Thank You --- -------- --------

Input Parameters:
   integrator                     = md
   tinit                          = 0
   dt                             = 0.002
   nsteps                         = 500000
   init-step                      = 0
   simulation-part                = 1
   mts                            = false
   mass-repartition-factor        = 1
   comm-mode                      = Linear
   nstcomm                        = 100
   bd-fric                        = 0
   ld-seed                        = -17826809
   emtol                          = 10
   emstep                         = 0.01
   niter                          = 20
   fcstep                         = 0
   nstcgsteep                     = 1000
   nbfgscorr                      = 10
   rtpi                           = 0.05
   nstxout                        = 0
   nstvout                        = 0
   nstfout                        = 0
   nstlog                         = 5000
   nstcalcenergy                  = 100
   nstenergy                      = 5000
   nstxout-compressed             = 5000
   compressed-x-precision         = 1000
   cutoff-scheme                  = Verlet
   nstlist                        = 20
   pbc                            = xyz
   periodic-molecules             = false
   verlet-buffer-tolerance        = 0.005
   verlet-buffer-pressure-tolerance = 0.5
   rlist                          = 1.221
   coulombtype                    = PME
   coulomb-modifier               = Potential-shift
   rcoulomb-switch                = 0
   rcoulomb                       = 1.2
   epsilon-r                      = 1
   epsilon-rf                     = inf
   vdw-type                       = Cut-off
   vdw-modifier                   = Force-switch
   rvdw-switch                    = 1
   rvdw                           = 1.2
   DispCorr                       = EnerPres
   table-extension                = 1
   fourierspacing                 = 0.12
   fourier-nx                     = 60
   fourier-ny                     = 60
   fourier-nz                     = 60
   pme-order                      = 4
   ewald-rtol                     = 1e-05
   ewald-rtol-lj                  = 0.001
   lj-pme-comb-rule               = Geometric
   ewald-geometry                 = 3d
   epsilon-surface                = 0
   ensemble-temperature-setting   = constant
   ensemble-temperature           = 300
   tcoupl                         = V-rescale
   nsttcouple                     = 10
   nh-chain-length                = 0
   print-nose-hoover-chain-variables = false
   pcoupl                         = Parrinello-Rahman
   pcoupltype                     = Isotropic
   nstpcouple                     = 50
   tau-p                          = 2
   compressibility (3x3):
      compressibility[    0]={ 4.50000e-05,  0.00000e+00,  0.00000e+00}
      compressibility[    1]={ 0.00000e+00,  4.50000e-05,  0.00000e+00}
      compressibility[    2]={ 0.00000e+00,  0.00000e+00,  4.50000e-05}
   ref-p (3x3):
      ref-p[    0]={ 1.00000e+00,  0.00000e+00,  0.00000e+00}
      ref-p[    1]={ 0.00000e+00,  1.00000e+00,  0.00000e+00}
      ref-p[    2]={ 0.00000e+00,  0.00000e+00,  1.00000e+00}
   refcoord-scaling               = No
   posres-com: not available
   posres-comB: not available
   QMMM                           = false
qm-opts:
   ngQM                           = 0
   constraint-algorithm           = Lincs
   continuation                   = true
   Shake-SOR                      = false
   shake-tol                      = 0.0001
   lincs-order                    = 4
   lincs-iter                     = 1
   lincs-warnangle                = 30
   nwall                          = 0
   wall-type                      = 9-3
   wall-r-linpot                  = -1
   wall-atomtype[0]               = -1
   wall-atomtype[1]               = -1
   wall-density[0]                = 0
   wall-density[1]                = 0
   wall-ewald-zfac                = 3
   pull                           = false
   awh                            = false
   rotation                       = false
   interactiveMD                  = false
   disre                          = No
   disre-weighting                = Conservative
   disre-mixed                    = false
   dr-fc                          = 1000
   dr-tau                         = 0
   nstdisreout                    = 100
   orire-fc                       = 0
   orire-tau                      = 0
   nstorireout                    = 100
   free-energy                    = no
   cos-acceleration               = 0
   deform (3x3):
      deform[    0]={ 0.00000e+00,  0.00000e+00,  0.00000e+00}
      deform[    1]={ 0.00000e+00,  0.00000e+00,  0.00000e+00}
      deform[    2]={ 0.00000e+00,  0.00000e+00,  0.00000e+00}
   simulated-tempering            = false
   swapcoords                     = no
   userint1                       = 0
   userint2                       = 0
   userint3                       = 0
   userint4                       = 0
   userreal1                      = 0
   userreal2                      = 0
   userreal3                      = 0
   userreal4                      = 0
   applied-forces:
     electric-field:
       x:
         E0                       = 0
         omega                    = 0
         t0                       = 0
         sigma                    = 0
       y:
         E0                       = 0
         omega                    = 0
         t0                       = 0
         sigma                    = 0
       z:
         E0                       = 0
         omega                    = 0
         t0                       = 0
         sigma                    = 0
     density-guided-simulation:
       active                     = false
       group                      = protein
       similarity-measure         = inner-product
       atom-spreading-weight      = unity
       force-constant             = 1e+09
       gaussian-transform-spreading-width = 0.2
       gaussian-transform-spreading-range-in-multiples-of-width = 4
       reference-density-filename = reference.mrc
       nst                        = 1
       normalize-densities        = true
       adaptive-force-scaling     = false
       adaptive-force-scaling-time-constant = 4
       shift-vector               = 
       transformation-matrix      = 
     qmmm-cp2k:
       active                     = false
       qmgroup                    = System
       qmmethod                   = PBE
       qmfilenames                = 
       qmcharge                   = 0
       qmmultiplicity             = 1
     colvars:
       active                     = false
       configfile                 = 
       seed                       = -1
     nnpot:
       active                     = false
       modelfile                  = model.pt
       input-group                = System
       model-input1               = 
       model-input2               = 
       model-input3               = 
       model-input4               = 
grpopts:
   nrdf:     4603.72     44543.3
   ref-t:         300         300
   tau-t:         0.1         0.1
annealing:          No          No
annealing-npoints:           0           0
   acc:	           0           0           0
   nfreeze:           N           N           N
   energygrp-flags[  0]: 0

Changing nstlist from 20 to 100, rlist from 1.221 to 1.342

Update groups can not be used for this system because atoms that are (in)directly constrained together are interdispersed with other atoms

Local state does not use filler particles

1 GPU selected for this run.
Mapping of GPU IDs to the 2 GPU tasks in the 1 rank on this node:
  PP:0,PME:0
PP tasks will do (non-perturbed) short-ranged and most bonded interactions on the GPU
PP task will update and constrain coordinates on the GPU
PME tasks will do all aspects on the GPU
Using 1 MPI thread
Using 24 OpenMP threads 

System total charge: 0.000
Will do PME sum in reciprocal space for electrostatic interactions.

++++ PLEASE READ AND CITE THE FOLLOWING REFERENCE ++++
U. Essmann, L. Perera, M. L. Berkowitz, T. Darden, H. Lee, L. G. Pedersen 
A smooth particle mesh Ewald method
J. Chem. Phys. (1995)
DOI: 10.1063/1.470117
-------- -------- --- Thank You --- -------- --------

Using a Gaussian width (1/beta) of 0.384195 nm for Ewald
Potential shift: LJ r^-12: -2.648e-01 r^-6: -5.349e-01, Ewald -8.333e-06
Initialized non-bonded Coulomb Ewald tables, spacing: 1.02e-03 size: 1176

Generated table with 1171 data points for 1-4 COUL.
Tabscale = 500 points/nm
Generated table with 1171 data points for 1-4 LJ6.
Tabscale = 500 points/nm
Generated table with 1171 data points for 1-4 LJ12.
Tabscale = 500 points/nm
Long Range LJ corr.: <C6> 3.1813e-04


Using GPU 8x4 nonbonded short-range kernels

NBNxM GPU setup: super-cluster 2x2x2

Using a dual 8x4 pair-list setup updated with dynamic, rolling pruning:
  outer list: updated every 100 steps, buffer 0.142 nm, rlist 1.342 nm
  inner list: updated every  12 steps, buffer 0.003 nm, rlist 1.203 nm
At tolerance 0.005 kJ/mol/ps per atom, equivalent classical 1x1 list would be:
  outer list: updated every 100 steps, buffer 0.294 nm, rlist 1.494 nm
  inner list: updated every  12 steps, buffer 0.052 nm, rlist 1.252 nm

The average pressure is off by at most 0.25 bar due to missing LJ interactions

Pinning threads with an auto-selected logical cpu stride of 1

Initializing LINear Constraint Solver

++++ PLEASE READ AND CITE THE FOLLOWING REFERENCE ++++
B. Hess, H. Bekker, H. J. C. Berendsen, J. G. E. M. Fraaije
LINCS: A Linear Constraint Solver for molecular simulations
J. Comp. Chem. (1997)
DOI: 10.1002/(sici)1096-987x(199709)18:12<1463::aid-jcc4>3.0.co;2-h
-------- -------- --- Thank You --- -------- --------

The number of constraints is 905

++++ PLEASE READ AND CITE THE FOLLOWING REFERENCE ++++
S. Miyamoto, P. A. Kollman
SETTLE: An Analytical Version of the SHAKE and RATTLE Algorithms for Rigid
Water Models
J. Comp. Chem. (1992)
DOI: 10.1002/jcc.540130805
-------- -------- --- Thank You --- -------- --------


++++ PLEASE READ AND CITE THE FOLLOWING REFERENCE ++++
G. Bussi, D. Donadio, M. Parrinello
Canonical sampling through velocity rescaling
J. Chem. Phys. (2007)
DOI: 10.1063/1.2408420
-------- -------- --- Thank You --- -------- --------

There are: 24055 Atoms

Updating coordinates and applying constraints on the GPU.
Center of mass motion removal mode is Linear
We have the following groups for center of mass motion removal:
  0:  rest

Started mdrun on rank 0 Thu Aug 20 19:40:18 2026

           Step           Time
              0        0.00000

   Energies (kJ/mol)
           Bond          Angle    Proper Dih. Per. Imp. Dih.          LJ-14
    1.43589e+03    3.56090e+03    5.29604e+03    2.51374e+02    1.93533e+03
     Coulomb-14        LJ (SR)  Disper. corr.   Coulomb (SR)   Coul. recip.
    2.25340e+04    4.18174e+04   -2.30743e+03   -4.04547e+05    1.27816e+03
      Potential    Kinetic En.   Total Energy  Conserved En.    Temperature
   -3.28745e+05    6.16591e+04   -2.67086e+05   -2.67071e+05    3.01784e+02
 Pres. DC (bar) Pressure (bar)   Constr. rmsd
   -1.58168e+02   -4.81177e+01    0.00000e+00

           Step           Time
           5000       10.00000

   Energies (kJ/mol)
           Bond          Angle    Proper Dih. Per. Imp. Dih.          LJ-14
    1.46900e+03    3.74182e+03    5.33356e+03    3.16122e+02    1.86824e+03
     Coulomb-14        LJ (SR)  Disper. corr.   Coulomb (SR)   Coul. recip.
    2.21809e+04    4.36396e+04   -2.33321e+03   -4.05866e+05    1.25429e+03
      Potential    Kinetic En.   Total Energy  Conserved En.    Temperature
   -3.28395e+05    6.20287e+04   -2.66367e+05   -2.66655e+05    3.03593e+02
 Pres. DC (bar) Pressure (bar)   Constr. rmsd
   -1.61719e+02    5.05909e+02    0.00000e+00

           Step           Time
          10000       20.00000

   Energies (kJ/mol)
           Bond          Angle    Proper Dih. Per. Imp. Dih.          LJ-14
    1.57251e+03    3.84882e+03    5.20921e+03    2.40876e+02    1.79526e+03
     Coulomb-14        LJ (SR)  Disper. corr.   Coulomb (SR)   Coul. recip.
    2.21806e+04    4.23241e+04   -2.34867e+03   -4.05586e+05    1.26525e+03
      Potential    Kinetic En.   Total Energy  Conserved En.    Temperature
   -3.29498e+05    6.14014e+04   -2.68097e+05   -2.66176e+05    3.00523e+02
 Pres. DC (bar) Pressure (bar)   Constr. rmsd
   -1.63868e+02    1.39815e+01    0.00000e+00

step 13400: timed with pme grid 60 60 60, coulomb cutoff 1.200: 79.7 M-cycles
step 13600: timed with pme grid 52 52 52, coulomb cutoff 1.346: 97.9 M-cycles
step 13800: timed with pme grid 56 56 56, coulomb cutoff 1.250: 88.8 M-cycles
step 14000: timed with pme grid 60 60 60, coulomb cutoff 1.200: 83.1 M-cycles
              optimal pme grid 60 60 60, coulomb cutoff 1.200
           Step           Time
          15000       30.00000

   Energies (kJ/mol)
           Bond          Angle    Proper Dih. Per. Imp. Dih.          LJ-14
    1.56897e+03    3.78604e+03    5.18189e+03    2.73608e+02    1.81189e+03
     Coulomb-14        LJ (SR)  Disper. corr.   Coulomb (SR)   Coul. recip.
    2.21908e+04    4.25313e+04   -2.35256e+03   -4.06481e+05    1.31325e+03
      Potential    Kinetic En.   Total Energy  Conserved En.    Temperature
   -3.30176e+05    6.12577e+04   -2.68918e+05   -2.65552e+05    2.99819e+02
 Pres. DC (bar) Pressure (bar)   Constr. rmsd
   -1.64410e+02   -2.19094e+01    0.00000e+00

           Step           Time
          20000       40.00000

   Energies (kJ/mol)
           Bond          Angle    Proper Dih. Per. Imp. Dih.          LJ-14
    1.61270e+03    3.94625e+03    5.23491e+03    2.64923e+02    1.75454e+03
     Coulomb-14        LJ (SR)  Disper. corr.   Coulomb (SR)   Coul. recip.
    2.20963e+04    4.20267e+04   -2.31158e+03   -4.03171e+05    1.28657e+03
      Potential    Kinetic En.   Total Energy  Conserved En.    Temperature
   -3.27260e+05    6.13011e+04   -2.65959e+05   -2.64976e+05    3.00032e+02
 Pres. DC (bar) Pressure (bar)   Constr. rmsd
   -1.58738e+02   -1.30064e+02    0.00000e+00

           Step           Time
          25000       50.00000

   Energies (kJ/mol)
           Bond          Angle    Proper Dih. Per. Imp. Dih.          LJ-14
    1.62351e+03    3.71432e+03    5.17132e+03    2.28311e+02    1.93228e+03
     Coulomb-14        LJ (SR)  Disper. corr.   Coulomb (SR)   Coul. recip.
    2.23432e+04    4.29687e+04   -2.33651e+03   -4.05908e+05    1.22414e+03
      Potential    Kinetic En.   Total Energy  Conserved En.    Temperature
   -3.29039e+05    6.16069e+04   -2.67432e+05   -2.64543e+05    3.01528e+02
 Pres. DC (bar) Pressure (bar)   Constr. rmsd
   -1.62176e+02    2.23972e+02    0.00000e+00

           Step           Time
          30000       60.00000

   Energies (kJ/mol)
           Bond          Angle    Proper Dih. Per. Imp. Dih.          LJ-14
    1.53813e+03    3.97156e+03    5.14239e+03    2.71021e+02    1.89443e+03
     Coulomb-14        LJ (SR)  Disper. corr.   Coulomb (SR)   Coul. recip.
    2.21722e+04    4.14206e+04   -2.30455e+03   -4.03160e+05    1.25967e+03
      Potential    Kinetic En.   Total Energy  Conserved En.    Temperature
   -3.27795e+05    6.13679e+04   -2.66427e+05   -2.64238e+05    3.00358e+02
 Pres. DC (bar) Pressure (bar)   Constr. rmsd
   -1.57774e+02   -2.40969e+02    0.00000e+00

           Step           Time
          35000       70.00000

   Energies (kJ/mol)
           Bond          Angle    Proper Dih. Per. Imp. Dih.          LJ-14
    1.49203e+03    3.87042e+03    5.25205e+03    2.76547e+02    1.89857e+03
     Coulomb-14        LJ (SR)  Disper. corr.   Coulomb (SR)   Coul. recip.
    2.21133e+04    4.30473e+04   -2.29424e+03   -4.04725e+05    1.27172e+03
      Potential    Kinetic En.   Total Energy  Conserved En.    Temperature
   -3.27797e+05    6.17466e+04   -2.66050e+05   -2.63886e+05    3.02212e+02
 Pres. DC (bar) Pressure (bar)   Constr. rmsd
   -1.56367e+02    1.90995e+02    0.00000e+00

           Step           Time
          40000       80.00000

   Energies (kJ/mol)
           Bond          Angle    Proper Dih. Per. Imp. Dih.          LJ-14
    1.77484e+03    3.90414e+03    5.32796e+03    2.96283e+02    1.83396e+03
     Coulomb-14        LJ (SR)  Disper. corr.   Coulomb (SR)   Coul. recip.
    2.20975e+04    4.20616e+04   -2.32915e+03   -4.04481e+05    1.26178e+03
      Potential    Kinetic En.   Total Energy  Conserved En.    Temperature
   -3.28252e+05    6.17135e+04   -2.66539e+05   -2.63522e+05    3.02050e+02
 Pres. DC (bar) Pressure (bar)   Constr. rmsd
   -1.61158e+02   -1.03413e+02    0.00000e+00

           Step           Time
          45000       90.00000

   Energies (kJ/mol)
           Bond          Angle    Proper Dih. Per. Imp. Dih.          LJ-14
    1.49942e+03    3.79015e+03    5.23742e+03    2.90773e+02    1.82489e+03
     Coulomb-14        LJ (SR)  Disper. corr.   Coulomb (SR)   Coul. recip.
    2.22529e+04    4.15680e+04   -2.32859e+03   -4.04220e+05    1.32044e+03
      Potential    Kinetic En.   Total Energy  Conserved En.    Temperature
   -3.28765e+05    6.07955e+04   -2.67969e+05   -2.63234e+05    2.97557e+02
 Pres. DC (bar) Pressure (bar)   Constr. rmsd
   -1.61079e+02   -2.55574e+02    0.00000e+00

           Step           Time
          50000      100.00000

   Energies (kJ/mol)
           Bond          Angle    Proper Dih. Per. Imp. Dih.          LJ-14
    1.58736e+03    3.94504e+03    5.20375e+03    2.43937e+02    1.89123e+03
     Coulomb-14        LJ (SR)  Disper. corr.   Coulomb (SR)   Coul. recip.
    2.21315e+04    4.34982e+04   -2.32142e+03   -4.05274e+05    1.27672e+03
      Potential    Kinetic En.   Total Energy  Conserved En.    Temperature
   -3.27817e+05    6.18722e+04   -2.65945e+05   -2.62927e+05    3.02827e+02
 Pres. DC (bar) Pressure (bar)   Constr. rmsd
   -1.60091e+02    3.98206e+02    0.00000e+00

           Step           Time
          55000      110.00000

   Energies (kJ/mol)
           Bond          Angle    Proper Dih. Per. Imp. Dih.          LJ-14
    1.50301e+03    3.72478e+03    5.17786e+03    2.62802e+02    1.85030e+03
     Coulomb-14        LJ (SR)  Disper. corr.   Coulomb (SR)   Coul. recip.
    2.21790e+04    4.25922e+04   -2.32154e+03   -4.05444e+05    1.27893e+03
      Potential    Kinetic En.   Total Energy  Conserved En.    Temperature
   -3.29197e+05    6.06286e+04   -2.68568e+05   -2.62743e+05    2.96740e+02
 Pres. DC (bar) Pressure (bar)   Constr. rmsd
   -1.60107e+02    1.30578e+02    0.00000e+00

           Step           Time
          60000      120.00000

   Energies (kJ/mol)
           Bond          Angle    Proper Dih. Per. Imp. Dih.          LJ-14
    1.48277e+03    3.71934e+03    5.16149e+03    2.67314e+02    1.80059e+03
     Coulomb-14        LJ (SR)  Disper. corr.   Coulomb (SR)   Coul. recip.
    2.22911e+04    4.20117e+04   -2.32328e+03   -4.03776e+05    1.25760e+03
      Potential    Kinetic En.   Total Energy  Conserved En.    Temperature
   -3.28108e+05    6.11878e+04   -2.66920e+05   -2.62342e+05    2.99477e+02
 Pres. DC (bar) Pressure (bar)   Constr. rmsd
   -1.60346e+02   -8.61204e+01    0.00000e+00

           Step           Time
          65000      130.00000

   Energies (kJ/mol)
           Bond          Angle    Proper Dih. Per. Imp. Dih.          LJ-14
    1.49720e+03    3.90984e+03    5.17969e+03    2.82364e+02    1.80859e+03
     Coulomb-14        LJ (SR)  Disper. corr.   Coulomb (SR)   Coul. recip.
    2.22114e+04    4.23343e+04   -2.31098e+03   -4.04444e+05    1.27137e+03
      Potential    Kinetic En.   Total Energy  Conserved En.    Temperature
   -3.28260e+05    6.11226e+04   -2.67137e+05   -2.62167e+05    2.99158e+02
 Pres. DC (bar) Pressure (bar)   Constr. rmsd
   -1.58655e+02   -7.28846e+01    0.00000e+00

           Step           Time
          70000      140.00000

   Energies (kJ/mol)
           Bond          Angle    Proper Dih. Per. Imp. Dih.          LJ-14
    1.65066e+03    3.76857e+03    5.17746e+03    2.66530e+02    1.79021e+03
     Coulomb-14        LJ (SR)  Disper. corr.   Coulomb (SR)   Coul. recip.
    2.21676e+04    4.31304e+04   -2.33444e+03   -4.05898e+05    1.21819e+03
      Potential    Kinetic En.   Total Energy  Conserved En.    Temperature
   -3.29063e+05    6.19925e+04   -2.67070e+05   -2.61703e+05    3.03416e+02
 Pres. DC (bar) Pressure (bar)   Constr. rmsd
   -1.61889e+02    2.30668e+02    0.00000e+00

           Step           Time
          75000      150.00000

   Energies (kJ/mol)
           Bond          Angle    Proper Dih. Per. Imp. Dih.          LJ-14
    1.43632e+03    3.83933e+03    5.17610e+03    2.62258e+02    1.88129e+03
     Coulomb-14        LJ (SR)  Disper. corr.   Coulomb (SR)   Coul. recip.
    2.21948e+04    4.19775e+04   -2.31431e+03   -4.04115e+05    1.28947e+03
      Potential    Kinetic En.   Total Energy  Conserved En.    Temperature
   -3.28372e+05    6.05769e+04   -2.67795e+05   -2.61160e+05    2.96487e+02
 Pres. DC (bar) Pressure (bar)   Constr. rmsd
   -1.59112e+02   -4.60603e+01    0.00000e+00

           Step           Time
          80000      160.00000

   Energies (kJ/mol)
           Bond          Angle    Proper Dih. Per. Imp. Dih.          LJ-14
    1.55356e+03    3.76952e+03    5.13481e+03    2.79297e+02    1.83518e+03
     Coulomb-14        LJ (SR)  Disper. corr.   Coulomb (SR)   Coul. recip.
    2.20900e+04    4.21159e+04   -2.32760e+03   -4.04395e+05    1.28321e+03
      Potential    Kinetic En.   Total Energy  Conserved En.    Temperature
   -3.28661e+05    6.12410e+04   -2.67420e+05   -2.60910e+05    2.99737e+02
 Pres. DC (bar) Pressure (bar)   Constr. rmsd
   -1.60944e+02    1.18248e+02    0.00000e+00

           Step           Time
          85000      170.00000

   Energies (kJ/mol)
           Bond          Angle    Proper Dih. Per. Imp. Dih.          LJ-14
    1.44192e+03    3.59552e+03    5.29284e+03    2.50705e+02    1.84539e+03
     Coulomb-14        LJ (SR)  Disper. corr.   Coulomb (SR)   Coul. recip.
    2.24826e+04    4.40577e+04   -2.33196e+03   -4.06760e+05    1.24114e+03
      Potential    Kinetic En.   Total Energy  Conserved En.    Temperature
   -3.28884e+05    6.11862e+04   -2.67698e+05   -2.60555e+05    2.99469e+02
 Pres. DC (bar) Pressure (bar)   Constr. rmsd
   -1.61546e+02    4.32108e+02    0.00000e+00

           Step           Time
          90000      180.00000

   Energies (kJ/mol)
           Bond          Angle    Proper Dih. Per. Imp. Dih.          LJ-14
    1.52626e+03    3.65312e+03    5.16698e+03    2.99230e+02    1.90944e+03
     Coulomb-14        LJ (SR)  Disper. corr.   Coulomb (SR)   Coul. recip.
    2.23439e+04    4.27186e+04   -2.29822e+03   -4.04655e+05    1.28726e+03
      Potential    Kinetic En.   Total Energy  Conserved En.    Temperature
   -3.28048e+05    6.11136e+04   -2.66934e+05   -2.60385e+05    2.99114e+02
 Pres. DC (bar) Pressure (bar)   Constr. rmsd
   -1.56909e+02   -4.56756e+00    0.00000e+00

           Step           Time
          95000      190.00000

   Energies (kJ/mol)
           Bond          Angle    Proper Dih. Per. Imp. Dih.          LJ-14
    1.47056e+03    3.77700e+03    5.21743e+03    2.35525e+02    1.83079e+03
     Coulomb-14        LJ (SR)  Disper. corr.   Coulomb (SR)   Coul. recip.
    2.22524e+04    4.23137e+04   -2.31588e+03   -4.05210e+05    1.23186e+03
      Potential    Kinetic En.   Total Energy  Conserved En.    Temperature
   -3.29196e+05    6.14868e+04   -2.67710e+05   -2.59999e+05    3.00941e+02
 Pres. DC (bar) Pressure (bar)   Constr. rmsd
   -1.59328e+02    7.47816e+01    0.00000e+00

           Step           Time
         100000      200.00000

   Energies (kJ/mol)
           Bond          Angle    Proper Dih. Per. Imp. Dih.          LJ-14
    1.49173e+03    4.08646e+03    5.16287e+03    2.44104e+02    1.82651e+03
     Coulomb-14        LJ (SR)  Disper. corr.   Coulomb (SR)   Coul. recip.
    2.23113e+04    4.22484e+04   -2.29924e+03   -4.03683e+05    1.20038e+03
      Potential    Kinetic En.   Total Energy  Conserved En.    Temperature
   -3.27411e+05    6.12510e+04   -2.66160e+05   -2.59588e+05    2.99786e+02
 Pres. DC (bar) Pressure (bar)   Constr. rmsd
   -1.57049e+02   -3.57364e+01    0.00000e+00

           Step           Time
         105000      210.00000

   Energies (kJ/mol)
           Bond          Angle    Proper Dih. Per. Imp. Dih.          LJ-14
    1.55348e+03    3.66543e+03    5.23132e+03    2.40284e+02    1.86344e+03
     Coulomb-14        LJ (SR)  Disper. corr.   Coulomb (SR)   Coul. recip.
    2.24301e+04    4.11321e+04   -2.31606e+03   -4.03949e+05    1.18107e+03
      Potential    Kinetic En.   Total Energy  Conserved En.    Temperature
   -3.28968e+05    6.05003e+04   -2.68467e+05   -2.59430e+05    2.96112e+02
 Pres. DC (bar) Pressure (bar)   Constr. rmsd
   -1.59353e+02   -3.58998e+02    0.00000e+00

           Step           Time
         110000      220.00000

   Energies (kJ/mol)
           Bond          Angle    Proper Dih. Per. Imp. Dih.          LJ-14
    1.48376e+03    3.81682e+03    5.17650e+03    2.70220e+02    1.86147e+03
     Coulomb-14        LJ (SR)  Disper. corr.   Coulomb (SR)   Coul. recip.
    2.25319e+04    4.24978e+04   -2.31278e+03   -4.04543e+05    1.30361e+03
      Potential    Kinetic En.   Total Energy  Conserved En.    Temperature
   -3.27914e+05    6.12229e+04   -2.66691e+05   -2.59041e+05    2.99649e+02
 Pres. DC (bar) Pressure (bar)   Constr. rmsd
   -1.58902e+02    1.60590e+02    0.00000e+00

           Step           Time
         115000      230.00000

   Energies (kJ/mol)
           Bond          Angle    Proper Dih. Per. Imp. Dih.          LJ-14
    1.56160e+03    3.83451e+03    5.20285e+03    2.62055e+02    1.82731e+03
     Coulomb-14        LJ (SR)  Disper. corr.   Coulomb (SR)   Coul. recip.
    2.23294e+04    4.18607e+04   -2.30276e+03   -4.03304e+05    1.27563e+03
      Potential    Kinetic En.   Total Energy  Conserved En.    Temperature
   -3.27452e+05    6.13611e+04   -2.66091e+05   -2.58823e+05    3.00326e+02
 Pres. DC (bar) Pressure (bar)   Constr. rmsd
   -1.57529e+02   -2.08503e+02    0.00000e+00

           Step           Time
         120000      240.00000

   Energies (kJ/mol)
           Bond          Angle    Proper Dih. Per. Imp. Dih.          LJ-14
    1.57616e+03    3.80468e+03    5.20008e+03    2.41126e+02    1.80843e+03
     Coulomb-14        LJ (SR)  Disper. corr.   Coulomb (SR)   Coul. recip.
    2.22894e+04    4.22134e+04   -2.31110e+03   -4.03969e+05    1.24545e+03
      Potential    Kinetic En.   Total Energy  Conserved En.    Temperature
   -3.27901e+05    6.11638e+04   -2.66737e+05   -2.58470e+05    2.99360e+02
 Pres. DC (bar) Pressure (bar)   Constr. rmsd
   -1.58671e+02   -5.70477e+01    0.00000e+00

           Step           Time
         125000      250.00000

   Energies (kJ/mol)
           Bond          Angle    Proper Dih. Per. Imp. Dih.          LJ-14
    1.47961e+03    3.67912e+03    5.19177e+03    2.75036e+02    1.91857e+03
     Coulomb-14        LJ (SR)  Disper. corr.   Coulomb (SR)   Coul. recip.
    2.25644e+04    4.23407e+04   -2.32473e+03   -4.04677e+05    1.26294e+03
      Potential    Kinetic En.   Total Energy  Conserved En.    Temperature
   -3.28289e+05    6.06190e+04   -2.67670e+05   -2.58297e+05    2.96693e+02
 Pres. DC (bar) Pressure (bar)   Constr. rmsd
   -1.60547e+02    1.87534e+02    0.00000e+00

           Step           Time
         130000      260.00000

   Energies (kJ/mol)
           Bond          Angle    Proper Dih. Per. Imp. Dih.          LJ-14
    1.59969e+03    3.74016e+03    5.15190e+03    2.42959e+02    1.80839e+03
     Coulomb-14        LJ (SR)  Disper. corr.   Coulomb (SR)   Coul. recip.
    2.24431e+04    4.14947e+04   -2.29051e+03   -4.03784e+05    1.33208e+03
      Potential    Kinetic En.   Total Energy  Conserved En.    Temperature
   -3.28262e+05    6.06093e+04   -2.67653e+05   -2.58106e+05    2.96646e+02
 Pres. DC (bar) Pressure (bar)   Constr. rmsd
   -1.55860e+02   -4.16883e+02    0.00000e+00

           Step           Time
         135000      270.00000

   Energies (kJ/mol)
           Bond          Angle    Proper Dih. Per. Imp. Dih.          LJ-14
    1.50161e+03    3.81552e+03    5.18293e+03    2.71898e+02    1.89752e+03
     Coulomb-14        LJ (SR)  Disper. corr.   Coulomb (SR)   Coul. recip.
    2.24954e+04    4.26436e+04   -2.32525e+03   -4.05239e+05    1.32915e+03
      Potential    Kinetic En.   Total Energy  Conserved En.    Temperature
   -3.28427e+05    6.11637e+04   -2.67263e+05   -2.57677e+05    2.99359e+02
 Pres. DC (bar) Pressure (bar)   Constr. rmsd
   -1.60618e+02    9.46769e+01    0.00000e+00

           Step           Time
         140000      280.00000

   Energies (kJ/mol)
           Bond          Angle    Proper Dih. Per. Imp. Dih.          LJ-14
    1.67955e+03    3.89883e+03    5.21351e+03    2.41871e+02    1.79177e+03
     Coulomb-14        LJ (SR)  Disper. corr.   Coulomb (SR)   Coul. recip.
    2.23387e+04    4.33251e+04   -2.33944e+03   -4.06223e+05    1.24505e+03
      Potential    Kinetic En.   Total Energy  Conserved En.    Temperature
   -3.28828e+05    6.09805e+04   -2.67848e+05   -2.57346e+05    2.98463e+02
 Pres. DC (bar) Pressure (bar)   Constr. rmsd
   -1.62583e+02    6.30740e+01    0.00000e+00

           Step           Time
         145000      290.00000

   Energies (kJ/mol)
           Bond          Angle    Proper Dih. Per. Imp. Dih.          LJ-14
    1.53369e+03    3.82661e+03    5.17136e+03    2.36635e+02    1.81478e+03
     Coulomb-14        LJ (SR)  Disper. corr.   Coulomb (SR)   Coul. recip.
    2.23254e+04    4.26379e+04   -2.29146e+03   -4.04711e+05    1.27632e+03
      Potential    Kinetic En.   Total Energy  Conserved En.    Temperature
   -3.28180e+05    6.11598e+04   -2.67020e+05   -2.57083e+05    2.99340e+02
 Pres. DC (bar) Pressure (bar)   Constr. rmsd
   -1.55989e+02   -1.03580e+02    0.00000e+00

           Step           Time
         150000      300.00000

   Energies (kJ/mol)
           Bond          Angle    Proper Dih. Per. Imp. Dih.          LJ-14
    1.60024e+03    3.75810e+03    5.30511e+03    2.61097e+02    1.84336e+03
     Coulomb-14        LJ (SR)  Disper. corr.   Coulomb (SR)   Coul. recip.
    2.22946e+04    4.31092e+04   -2.33200e+03   -4.05554e+05    1.22520e+03
      Potential    Kinetic En.   Total Energy  Conserved En.    Temperature
   -3.28489e+05    6.14543e+04   -2.67035e+05   -2.56722e+05    3.00781e+02
 Pres. DC (bar) Pressure (bar)   Constr. rmsd
   -1.61551e+02    2.23960e+02    0.00000e+00

           Step           Time
         155000      310.00000

   Energies (kJ/mol)
           Bond          Angle    Proper Dih. Per. Imp. Dih.          LJ-14
    1.47654e+03    3.86464e+03    5.21818e+03    2.43208e+02    1.81820e+03
     Coulomb-14        LJ (SR)  Disper. corr.   Coulomb (SR)   Coul. recip.
    2.24831e+04    4.25842e+04   -2.33391e+03   -4.05491e+05    1.30562e+03
      Potential    Kinetic En.   Total Energy  Conserved En.    Temperature
   -3.28831e+05    6.16360e+04   -2.67195e+05   -2.56597e+05    3.01671e+02
 Pres. DC (bar) Pressure (bar)   Constr. rmsd
   -1.61816e+02    1.77411e+02    0.00000e+00

           Step           Time
         160000      320.00000

   Energies (kJ/mol)
           Bond          Angle    Proper Dih. Per. Imp. Dih.          LJ-14
    1.49853e+03    3.87338e+03    5.21584e+03    2.73668e+02    1.87764e+03
     Coulomb-14        LJ (SR)  Disper. corr.   Coulomb (SR)   Coul. recip.
    2.24101e+04    4.32386e+04   -2.34468e+03   -4.06638e+05    1.16416e+03
      Potential    Kinetic En.   Total Energy  Conserved En.    Temperature
   -3.29431e+05    6.11994e+04   -2.68232e+05   -2.55654e+05    2.99534e+02
 Pres. DC (bar) Pressure (bar)   Constr. rmsd
   -1.63312e+02    2.40556e+02    0.00000e+00

           Step           Time
         165000      330.00000

   Energies (kJ/mol)
           Bond          Angle    Proper Dih. Per. Imp. Dih.          LJ-14
    1.55286e+03    3.78257e+03    5.19035e+03    2.83238e+02    1.87168e+03
     Coulomb-14        LJ (SR)  Disper. corr.   Coulomb (SR)   Coul. recip.
    2.23566e+04    4.23857e+04   -2.31733e+03   -4.05586e+05    1.19992e+03
      Potential    Kinetic En.   Total Energy  Conserved En.    Temperature
   -3.29281e+05    6.15445e+04   -2.67736e+05   -2.55172e+05    3.01223e+02
 Pres. DC (bar) Pressure (bar)   Constr. rmsd
   -1.59528e+02   -1.44274e+01    0.00000e+00

           Step           Time
         170000      340.00000

   Energies (kJ/mol)
           Bond          Angle    Proper Dih. Per. Imp. Dih.          LJ-14
    1.51725e+03    3.69064e+03    5.25056e+03    2.99430e+02    1.91062e+03
     Coulomb-14        LJ (SR)  Disper. corr.   Coulomb (SR)   Coul. recip.
    2.23242e+04    4.14337e+04   -2.32024e+03   -4.03675e+05    1.29900e+03
      Potential    Kinetic En.   Total Energy  Conserved En.    Temperature
   -3.28269e+05    6.09270e+04   -2.67342e+05   -2.55038e+05    2.98201e+02
 Pres. DC (bar) Pressure (bar)   Constr. rmsd
   -1.59928e+02   -2.02737e+01    0.00000e+00

           Step           Time
         175000      350.00000

   Energies (kJ/mol)
           Bond          Angle    Proper Dih. Per. Imp. Dih.          LJ-14
    1.61258e+03    3.79284e+03    5.25438e+03    2.27458e+02    1.80147e+03
     Coulomb-14        LJ (SR)  Disper. corr.   Coulomb (SR)   Coul. recip.
    2.23138e+04    4.31520e+04   -2.33592e+03   -4.05132e+05    1.25775e+03
      Potential    Kinetic En.   Total Energy  Conserved En.    Temperature
   -3.28056e+05    6.23004e+04   -2.65756e+05   -2.54805e+05    3.04922e+02
 Pres. DC (bar) Pressure (bar)   Constr. rmsd
   -1.62095e+02    8.71110e+01    0.00000e+00

           Step           Time
         180000      360.00000

   Energies (kJ/mol)
           Bond          Angle    Proper Dih. Per. Imp. Dih.          LJ-14
    1.51168e+03    3.73637e+03    5.14661e+03    2.61234e+02    1.81195e+03
     Coulomb-14        LJ (SR)  Disper. corr.   Coulomb (SR)   Coul. recip.
    2.24604e+04    4.27051e+04   -2.32719e+03   -4.05362e+05    1.24335e+03
      Potential    Kinetic En.   Total Energy  Conserved En.    Temperature
   -3.28813e+05    6.11913e+04   -2.67621e+05   -2.54612e+05    2.99494e+02
 Pres. DC (bar) Pressure (bar)   Constr. rmsd
   -1.60887e+02    9.41774e+00    0.00000e+00

           Step           Time
         185000      370.00000

   Energies (kJ/mol)
           Bond          Angle    Proper Dih. Per. Imp. Dih.          LJ-14
    1.53434e+03    3.92208e+03    5.26759e+03    2.70218e+02    1.84621e+03
     Coulomb-14        LJ (SR)  Disper. corr.   Coulomb (SR)   Coul. recip.
    2.22759e+04    4.32332e+04   -2.33259e+03   -4.06467e+05    1.28710e+03
      Potential    Kinetic En.   Total Energy  Conserved En.    Temperature
   -3.29163e+05    6.18841e+04   -2.67279e+05   -2.54153e+05    3.02885e+02
 Pres. DC (bar) Pressure (bar)   Constr. rmsd
   -1.61633e+02    2.79590e+02    0.00000e+00

           Step           Time
         190000      380.00000

   Energies (kJ/mol)
           Bond          Angle    Proper Dih. Per. Imp. Dih.          LJ-14
    1.50768e+03    3.88527e+03    5.25172e+03    2.75944e+02    1.84288e+03
     Coulomb-14        LJ (SR)  Disper. corr.   Coulomb (SR)   Coul. recip.
    2.26202e+04    4.29374e+04   -2.32989e+03   -4.05768e+05    1.22931e+03
      Potential    Kinetic En.   Total Energy  Conserved En.    Temperature
   -3.28547e+05    6.16343e+04   -2.66913e+05   -2.53813e+05    3.01663e+02
 Pres. DC (bar) Pressure (bar)   Constr. rmsd
   -1.61260e+02    2.53066e+02    0.00000e+00

           Step           Time
         195000      390.00000

   Energies (kJ/mol)
           Bond          Angle    Proper Dih. Per. Imp. Dih.          LJ-14
    1.58829e+03    3.79695e+03    5.16853e+03    2.62475e+02    1.90484e+03
     Coulomb-14        LJ (SR)  Disper. corr.   Coulomb (SR)   Coul. recip.
    2.24135e+04    4.15104e+04   -2.31459e+03   -4.03008e+05    1.28045e+03
      Potential    Kinetic En.   Total Energy  Conserved En.    Temperature
   -3.27397e+05    6.14276e+04   -2.65969e+05   -2.53393e+05    3.00651e+02
 Pres. DC (bar) Pressure (bar)   Constr. rmsd
   -1.59151e+02   -7.46207e+01    0.00000e+00

           Step           Time
         200000      400.00000

   Energies (kJ/mol)
           Bond          Angle    Proper Dih. Per. Imp. Dih.          LJ-14
    1.43776e+03    3.79537e+03    5.27362e+03    2.51757e+02    1.85356e+03
     Coulomb-14        LJ (SR)  Disper. corr.   Coulomb (SR)   Coul. recip.
    2.24332e+04    4.17327e+04   -2.32948e+03   -4.03704e+05    1.28598e+03
      Potential    Kinetic En.   Total Energy  Conserved En.    Temperature
   -3.27970e+05    6.12012e+04   -2.66769e+05   -2.53212e+05    2.99543e+02
 Pres. DC (bar) Pressure (bar)   Constr. rmsd
   -1.61202e+02   -9.81175e+00    0.00000e+00

           Step           Time
         205000      410.00000

   Energies (kJ/mol)
           Bond          Angle    Proper Dih. Per. Imp. Dih.          LJ-14
    1.51765e+03    3.72042e+03    5.30272e+03    2.57228e+02    1.86583e+03
     Coulomb-14        LJ (SR)  Disper. corr.   Coulomb (SR)   Coul. recip.
    2.21150e+04    4.14342e+04   -2.34820e+03   -4.04044e+05    1.20443e+03
      Potential    Kinetic En.   Total Energy  Conserved En.    Temperature
   -3.28975e+05    6.12608e+04   -2.67714e+05   -2.53059e+05    2.99834e+02
 Pres. DC (bar) Pressure (bar)   Constr. rmsd
   -1.63803e+02    9.31085e+01    0.00000e+00

           Step           Time
         210000      420.00000

   Energies (kJ/mol)
           Bond          Angle    Proper Dih. Per. Imp. Dih.          LJ-14
    1.44841e+03    3.82616e+03    5.23697e+03    2.86453e+02    1.86111e+03
     Coulomb-14        LJ (SR)  Disper. corr.   Coulomb (SR)   Coul. recip.
    2.24818e+04    4.20997e+04   -2.32989e+03   -4.04014e+05    1.28574e+03
      Potential    Kinetic En.   Total Energy  Conserved En.    Temperature
   -3.27817e+05    6.11892e+04   -2.66628e+05   -2.52576e+05    2.99484e+02
 Pres. DC (bar) Pressure (bar)   Constr. rmsd
   -1.61260e+02    6.16993e+01    0.00000e+00

           Step           Time
         215000      430.00000

   Energies (kJ/mol)
           Bond          Angle    Proper Dih. Per. Imp. Dih.          LJ-14
    1.61509e+03    3.87484e+03    5.36686e+03    3.35343e+02    1.75368e+03
     Coulomb-14        LJ (SR)  Disper. corr.   Coulomb (SR)   Coul. recip.
    2.22823e+04    4.15244e+04   -2.30534e+03   -4.03804e+05    1.38943e+03
      Potential    Kinetic En.   Total Energy  Conserved En.    Temperature
   -3.27967e+05    6.16356e+04   -2.66331e+05   -2.52271e+05    3.01669e+02
 Pres. DC (bar) Pressure (bar)   Constr. rmsd
   -1.57883e+02   -4.55284e+02    0.00000e+00

           Step           Time
         220000      440.00000

   Energies (kJ/mol)
           Bond          Angle    Proper Dih. Per. Imp. Dih.          LJ-14
    1.48337e+03    4.01232e+03    5.30022e+03    2.77760e+02    1.79119e+03
     Coulomb-14        LJ (SR)  Disper. corr.   Coulomb (SR)   Coul. recip.
    2.23563e+04    4.38270e+04   -2.34245e+03   -4.06373e+05    1.26505e+03
      Potential    Kinetic En.   Total Energy  Conserved En.    Temperature
   -3.28402e+05    6.11922e+04   -2.67210e+05   -2.52013e+05    2.99498e+02
 Pres. DC (bar) Pressure (bar)   Constr. rmsd
   -1.63001e+02    3.23255e+02    0.00000e+00

           Step           Time
         225000      450.00000

   Energies (kJ/mol)
           Bond          Angle    Proper Dih. Per. Imp. Dih.          LJ-14
    1.47345e+03    3.89677e+03    5.33840e+03    3.13150e+02    1.84802e+03
     Coulomb-14        LJ (SR)  Disper. corr.   Coulomb (SR)   Coul. recip.
    2.23674e+04    4.18849e+04   -2.31940e+03   -4.04604e+05    1.33089e+03
      Potential    Kinetic En.   Total Energy  Conserved En.    Temperature
   -3.28470e+05    6.17542e+04   -2.66716e+05   -2.51833e+05    3.02250e+02
 Pres. DC (bar) Pressure (bar)   Constr. rmsd
   -1.59812e+02    6.09340e+01    0.00000e+00

           Step           Time
         230000      460.00000

   Energies (kJ/mol)
           Bond          Angle    Proper Dih. Per. Imp. Dih.          LJ-14
    1.61427e+03    3.80658e+03    5.31113e+03    2.94000e+02    1.90128e+03
     Coulomb-14        LJ (SR)  Disper. corr.   Coulomb (SR)   Coul. recip.
    2.23904e+04    4.24206e+04   -2.29908e+03   -4.03850e+05    1.27958e+03
      Potential    Kinetic En.   Total Energy  Conserved En.    Temperature
   -3.27131e+05    6.12610e+04   -2.65870e+05   -2.51693e+05    2.99835e+02
 Pres. DC (bar) Pressure (bar)   Constr. rmsd
   -1.57026e+02    9.11092e+01    0.00000e+00

           Step           Time
         235000      470.00000

   Energies (kJ/mol)
           Bond          Angle    Proper Dih. Per. Imp. Dih.          LJ-14
    1.56185e+03    3.82160e+03    5.35269e+03    2.60871e+02    1.87570e+03
     Coulomb-14        LJ (SR)  Disper. corr.   Coulomb (SR)   Coul. recip.
    2.24309e+04    4.12270e+04   -2.31623e+03   -4.02911e+05    1.27041e+03
      Potential    Kinetic En.   Total Energy  Conserved En.    Temperature
   -3.27426e+05    6.11616e+04   -2.66265e+05   -2.51415e+05    2.99349e+02
 Pres. DC (bar) Pressure (bar)   Constr. rmsd
   -1.59376e+02   -1.62262e+02    0.00000e+00

           Step           Time
         240000      480.00000

   Energies (kJ/mol)
           Bond          Angle    Proper Dih. Per. Imp. Dih.          LJ-14
    1.45673e+03    3.92844e+03    5.28045e+03    2.42169e+02    1.79640e+03
     Coulomb-14        LJ (SR)  Disper. corr.   Coulomb (SR)   Coul. recip.
    2.24509e+04    4.34029e+04   -2.31650e+03   -4.05842e+05    1.29278e+03
      Potential    Kinetic En.   Total Energy  Conserved En.    Temperature
   -3.28308e+05    6.11063e+04   -2.67202e+05   -2.51141e+05    2.99078e+02
 Pres. DC (bar) Pressure (bar)   Constr. rmsd
   -1.59413e+02    1.42656e+02    0.00000e+00

           Step           Time
         245000      490.00000

   Energies (kJ/mol)
           Bond          Angle    Proper Dih. Per. Imp. Dih.          LJ-14
    1.56944e+03    3.76098e+03    5.29919e+03    2.69019e+02    1.84237e+03
     Coulomb-14        LJ (SR)  Disper. corr.   Coulomb (SR)   Coul. recip.
    2.26339e+04    4.25167e+04   -2.31415e+03   -4.04970e+05    1.32899e+03
      Potential    Kinetic En.   Total Energy  Conserved En.    Temperature
   -3.28063e+05    6.03164e+04   -2.67747e+05   -2.50372e+05    2.95212e+02
 Pres. DC (bar) Pressure (bar)   Constr. rmsd
   -1.59090e+02   -6.70878e+01    0.00000e+00

           Step           Time
         250000      500.00000

   Energies (kJ/mol)
           Bond          Angle    Proper Dih. Per. Imp. Dih.          LJ-14
    1.54042e+03    3.84684e+03    5.34267e+03    2.70321e+02    1.80292e+03
     Coulomb-14        LJ (SR)  Disper. corr.   Coulomb (SR)   Coul. recip.
    2.24584e+04    4.21097e+04   -2.30877e+03   -4.04200e+05    1.24652e+03
      Potential    Kinetic En.   Total Energy  Conserved En.    Temperature
   -3.27891e+05    6.07206e+04   -2.67170e+05   -2.50015e+05    2.97191e+02
 Pres. DC (bar) Pressure (bar)   Constr. rmsd
   -1.58352e+02   -2.11574e+02    0.00000e+00

           Step           Time
         255000      510.00000

   Energies (kJ/mol)
           Bond          Angle    Proper Dih. Per. Imp. Dih.          LJ-14
    1.49887e+03    3.82737e+03    5.23298e+03    2.86854e+02    1.88386e+03
     Coulomb-14        LJ (SR)  Disper. corr.   Coulomb (SR)   Coul. recip.
    2.24690e+04    4.15507e+04   -2.30155e+03   -4.03035e+05    1.30671e+03
      Potential    Kinetic En.   Total Energy  Conserved En.    Temperature
   -3.27280e+05    6.09676e+04   -2.66313e+05   -2.49562e+05    2.98399e+02
 Pres. DC (bar) Pressure (bar)   Constr. rmsd
   -1.57364e+02   -1.04285e+02    0.00000e+00

           Step           Time
         260000      520.00000

   Energies (kJ/mol)
           Bond          Angle    Proper Dih. Per. Imp. Dih.          LJ-14
    1.50984e+03    3.89029e+03    5.30008e+03    2.70495e+02    1.87596e+03
     Coulomb-14        LJ (SR)  Disper. corr.   Coulomb (SR)   Coul. recip.
    2.23133e+04    4.23571e+04   -2.30816e+03   -4.04192e+05    1.24073e+03
      Potential    Kinetic En.   Total Energy  Conserved En.    Temperature
   -3.27742e+05    6.17315e+04   -2.66011e+05   -2.49312e+05    3.02138e+02
 Pres. DC (bar) Pressure (bar)   Constr. rmsd
   -1.58269e+02    2.19811e+02    0.00000e+00

           Step           Time
         265000      530.00000

   Energies (kJ/mol)
           Bond          Angle    Proper Dih. Per. Imp. Dih.          LJ-14
    1.58954e+03    3.79748e+03    5.15938e+03    2.36954e+02    1.82605e+03
     Coulomb-14        LJ (SR)  Disper. corr.   Coulomb (SR)   Coul. recip.
    2.23806e+04    4.18658e+04   -2.32467e+03   -4.04223e+05    1.23226e+03
      Potential    Kinetic En.   Total Energy  Conserved En.    Temperature
   -3.28459e+05    6.10934e+04   -2.67366e+05   -2.49149e+05    2.99015e+02
 Pres. DC (bar) Pressure (bar)   Constr. rmsd
   -1.60538e+02   -5.77818e+01    0.00000e+00

           Step           Time
         270000      540.00000

   Energies (kJ/mol)
           Bond          Angle    Proper Dih. Per. Imp. Dih.          LJ-14
    1.56460e+03    3.95607e+03    5.25515e+03    2.31919e+02    1.87538e+03
     Coulomb-14        LJ (SR)  Disper. corr.   Coulomb (SR)   Coul. recip.
    2.25903e+04    4.19906e+04   -2.31125e+03   -4.03643e+05    1.27403e+03
      Potential    Kinetic En.   Total Energy  Conserved En.    Temperature
   -3.27216e+05    6.11546e+04   -2.66061e+05   -2.48760e+05    2.99315e+02
 Pres. DC (bar) Pressure (bar)   Constr. rmsd
   -1.58692e+02   -3.16770e+01    0.00000e+00

           Step           Time
         275000      550.00000

   Energies (kJ/mol)
           Bond          Angle    Proper Dih. Per. Imp. Dih.          LJ-14
    1.50798e+03    3.85969e+03    5.16320e+03    2.80214e+02    1.88651e+03
     Coulomb-14        LJ (SR)  Disper. corr.   Coulomb (SR)   Coul. recip.
    2.22235e+04    4.23242e+04   -2.31943e+03   -4.03984e+05    1.27875e+03
      Potential    Kinetic En.   Total Energy  Conserved En.    Temperature
   -3.27780e+05    6.06078e+04   -2.67172e+05   -2.48417e+05    2.96638e+02
 Pres. DC (bar) Pressure (bar)   Constr. rmsd
   -1.59816e+02    4.11684e+01    0.00000e+00

           Step           Time
         280000      560.00000

   Energies (kJ/mol)
           Bond          Angle    Proper Dih. Per. Imp. Dih.          LJ-14
    1.51512e+03    3.90740e+03    5.15775e+03    2.60627e+02    1.89159e+03
     Coulomb-14        LJ (SR)  Disper. corr.   Coulomb (SR)   Coul. recip.
    2.23584e+04    4.20245e+04   -2.32205e+03   -4.04793e+05    1.21402e+03
      Potential    Kinetic En.   Total Energy  Conserved En.    Temperature
   -3.28786e+05    6.13193e+04   -2.67466e+05   -2.48195e+05    3.00121e+02
 Pres. DC (bar) Pressure (bar)   Constr. rmsd
   -1.60177e+02   -1.31021e+01    0.00000e+00

           Step           Time
         285000      570.00000

   Energies (kJ/mol)
           Bond          Angle    Proper Dih. Per. Imp. Dih.          LJ-14
    1.52351e+03    3.83969e+03    5.31672e+03    3.06147e+02    1.88922e+03
     Coulomb-14        LJ (SR)  Disper. corr.   Coulomb (SR)   Coul. recip.
    2.24852e+04    4.17772e+04   -2.31411e+03   -4.04587e+05    1.22620e+03
      Potential    Kinetic En.   Total Energy  Conserved En.    Temperature
   -3.28537e+05    6.18164e+04   -2.66720e+05   -2.47980e+05    3.02553e+02
 Pres. DC (bar) Pressure (bar)   Constr. rmsd
   -1.59085e+02   -1.57670e+02    0.00000e+00

           Step           Time
         290000      580.00000

   Energies (kJ/mol)
           Bond          Angle    Proper Dih. Per. Imp. Dih.          LJ-14
    1.57640e+03    3.79631e+03    5.21087e+03    2.87188e+02    1.86423e+03
     Coulomb-14        LJ (SR)  Disper. corr.   Coulomb (SR)   Coul. recip.
    2.22702e+04    4.36688e+04   -2.32991e+03   -4.06315e+05    1.29405e+03
      Potential    Kinetic En.   Total Energy  Conserved En.    Temperature
   -3.28677e+05    6.11576e+04   -2.67519e+05   -2.47795e+05    2.99329e+02
 Pres. DC (bar) Pressure (bar)   Constr. rmsd
   -1.61262e+02    3.80364e+02    0.00000e+00

           Step           Time
         295000      590.00000

   Energies (kJ/mol)
           Bond          Angle    Proper Dih. Per. Imp. Dih.          LJ-14
    1.48109e+03    3.87186e+03    5.15544e+03    2.97957e+02    1.91671e+03
     Coulomb-14        LJ (SR)  Disper. corr.   Coulomb (SR)   Coul. recip.
    2.23320e+04    4.29784e+04   -2.35449e+03   -4.05375e+05    1.29484e+03
      Potential    Kinetic En.   Total Energy  Conserved En.    Temperature
   -3.28401e+05    6.09975e+04   -2.67403e+05   -2.47266e+05    2.98546e+02
 Pres. DC (bar) Pressure (bar)   Constr. rmsd
   -1.64680e+02    6.38111e+02    0.00000e+00

           Step           Time
         300000      600.00000

   Energies (kJ/mol)
           Bond          Angle    Proper Dih. Per. Imp. Dih.          LJ-14
    1.41594e+03    3.88563e+03    5.22255e+03    2.28741e+02    1.88528e+03
     Coulomb-14        LJ (SR)  Disper. corr.   Coulomb (SR)   Coul. recip.
    2.26491e+04    4.15647e+04   -2.29614e+03   -4.03891e+05    1.30292e+03
      Potential    Kinetic En.   Total Energy  Conserved En.    Temperature
   -3.28032e+05    6.12540e+04   -2.66778e+05   -2.46823e+05    2.99801e+02
 Pres. DC (bar) Pressure (bar)   Constr. rmsd
   -1.56626e+02   -1.65702e+02    0.00000e+00

           Step           Time
         305000      610.00000

   Energies (kJ/mol)
           Bond          Angle    Proper Dih. Per. Imp. Dih.          LJ-14
    1.60383e+03    3.92041e+03    5.28520e+03    2.91365e+02    1.78205e+03
     Coulomb-14        LJ (SR)  Disper. corr.   Coulomb (SR)   Coul. recip.
    2.21801e+04    4.28622e+04   -2.32339e+03   -4.06450e+05    1.27995e+03
      Potential    Kinetic En.   Total Energy  Conserved En.    Temperature
   -3.29568e+05    6.16334e+04   -2.67935e+05   -2.46616e+05    3.01658e+02
 Pres. DC (bar) Pressure (bar)   Constr. rmsd
   -1.60362e+02    8.50058e+01    0.00000e+00

           Step           Time
         310000      620.00000

   Energies (kJ/mol)
           Bond          Angle    Proper Dih. Per. Imp. Dih.          LJ-14
    1.50217e+03    3.87933e+03    5.28939e+03    2.62824e+02    1.78131e+03
     Coulomb-14        LJ (SR)  Disper. corr.   Coulomb (SR)   Coul. recip.
    2.23472e+04    4.19488e+04   -2.31882e+03   -4.04204e+05    1.24377e+03
      Potential    Kinetic En.   Total Energy  Conserved En.    Temperature
   -3.28268e+05    6.10955e+04   -2.67173e+05   -2.46349e+05    2.99025e+02
 Pres. DC (bar) Pressure (bar)   Constr. rmsd
   -1.59733e+02   -6.24976e+01    0.00000e+00

           Step           Time
         315000      630.00000

   Energies (kJ/mol)
           Bond          Angle    Proper Dih. Per. Imp. Dih.          LJ-14
    1.48665e+03    3.78508e+03    5.28882e+03    2.73469e+02    1.87405e+03
     Coulomb-14        LJ (SR)  Disper. corr.   Coulomb (SR)   Coul. recip.
    2.23340e+04    4.47464e+04   -2.34722e+03   -4.08614e+05    1.20492e+03
      Potential    Kinetic En.   Total Energy  Conserved En.    Temperature
   -3.29968e+05    6.14407e+04   -2.68527e+05   -2.45673e+05    3.00715e+02
 Pres. DC (bar) Pressure (bar)   Constr. rmsd
   -1.63666e+02    7.21342e+02    0.00000e+00

           Step           Time
         320000      640.00000

   Energies (kJ/mol)
           Bond          Angle    Proper Dih. Per. Imp. Dih.          LJ-14
    1.65280e+03    3.74463e+03    5.26673e+03    2.61120e+02    1.86957e+03
     Coulomb-14        LJ (SR)  Disper. corr.   Coulomb (SR)   Coul. recip.
    2.24072e+04    4.30704e+04   -2.32444e+03   -4.05276e+05    1.23644e+03
      Potential    Kinetic En.   Total Energy  Conserved En.    Temperature
   -3.28092e+05    6.10636e+04   -2.67028e+05   -2.45284e+05    2.98869e+02
 Pres. DC (bar) Pressure (bar)   Constr. rmsd
   -1.60507e+02    1.17414e+02    0.00000e+00

           Step           Time
         325000      650.00000

   Energies (kJ/mol)
           Bond          Angle    Proper Dih. Per. Imp. Dih.          LJ-14
    1.44632e+03    3.82506e+03    5.18719e+03    2.51819e+02    1.83893e+03
     Coulomb-14        LJ (SR)  Disper. corr.   Coulomb (SR)   Coul. recip.
    2.25271e+04    4.14957e+04   -2.30812e+03   -4.03672e+05    1.33524e+03
      Potential    Kinetic En.   Total Energy  Conserved En.    Temperature
   -3.28073e+05    6.04691e+04   -2.67604e+05   -2.45095e+05    2.95959e+02
 Pres. DC (bar) Pressure (bar)   Constr. rmsd
   -1.58263e+02   -1.63541e+02    0.00000e+00

           Step           Time
         330000      660.00000

   Energies (kJ/mol)
           Bond          Angle    Proper Dih. Per. Imp. Dih.          LJ-14
    1.51495e+03    3.75680e+03    5.28793e+03    2.62006e+02    1.84633e+03
     Coulomb-14        LJ (SR)  Disper. corr.   Coulomb (SR)   Coul. recip.
    2.23274e+04    4.22702e+04   -2.32249e+03   -4.04378e+05    1.25834e+03
      Potential    Kinetic En.   Total Energy  Conserved En.    Temperature
   -3.28177e+05    6.14224e+04   -2.66754e+05   -2.44679e+05    3.00625e+02
 Pres. DC (bar) Pressure (bar)   Constr. rmsd
   -1.60238e+02    1.13873e+02    0.00000e+00

           Step           Time
         335000      670.00000

   Energies (kJ/mol)
           Bond          Angle    Proper Dih. Per. Imp. Dih.          LJ-14
    1.63850e+03    3.90394e+03    5.19269e+03    2.60592e+02    1.89421e+03
     Coulomb-14        LJ (SR)  Disper. corr.   Coulomb (SR)   Coul. recip.
    2.23619e+04    4.24778e+04   -2.31884e+03   -4.04351e+05    1.27377e+03
      Potential    Kinetic En.   Total Energy  Conserved En.    Temperature
   -3.27666e+05    6.14837e+04   -2.66183e+05   -2.44376e+05    3.00926e+02
 Pres. DC (bar) Pressure (bar)   Constr. rmsd
   -1.59735e+02    2.83091e+02    0.00000e+00

           Step           Time
         340000      680.00000

   Energies (kJ/mol)
           Bond          Angle    Proper Dih. Per. Imp. Dih.          LJ-14
    1.59221e+03    3.98896e+03    5.19340e+03    2.60742e+02    1.83855e+03
     Coulomb-14        LJ (SR)  Disper. corr.   Coulomb (SR)   Coul. recip.
    2.22720e+04    4.21089e+04   -2.32066e+03   -4.03564e+05    1.35409e+03
      Potential    Kinetic En.   Total Energy  Conserved En.    Temperature
   -3.27276e+05    6.08339e+04   -2.66442e+05   -2.44165e+05    2.97745e+02
 Pres. DC (bar) Pressure (bar)   Constr. rmsd
   -1.59985e+02    6.07689e+01    0.00000e+00

           Step           Time
         345000      690.00000

   Energies (kJ/mol)
           Bond          Angle    Proper Dih. Per. Imp. Dih.          LJ-14
    1.48433e+03    3.89777e+03    5.31953e+03    3.41054e+02    1.90281e+03
     Coulomb-14        LJ (SR)  Disper. corr.   Coulomb (SR)   Coul. recip.
    2.25095e+04    4.19987e+04   -2.32322e+03   -4.04453e+05    1.26382e+03
      Potential    Kinetic En.   Total Energy  Conserved En.    Temperature
   -3.28059e+05    6.20773e+04   -2.65982e+05   -2.43750e+05    3.03831e+02
 Pres. DC (bar) Pressure (bar)   Constr. rmsd
   -1.60339e+02    1.15147e+02    0.00000e+00

           Step           Time
         350000      700.00000

   Energies (kJ/mol)
           Bond          Angle    Proper Dih. Per. Imp. Dih.          LJ-14
    1.64686e+03    3.96246e+03    5.27587e+03    2.52119e+02    1.80105e+03
     Coulomb-14        LJ (SR)  Disper. corr.   Coulomb (SR)   Coul. recip.
    2.22031e+04    4.29618e+04   -2.31164e+03   -4.05234e+05    1.30656e+03
      Potential    Kinetic En.   Total Energy  Conserved En.    Temperature
   -3.28136e+05    6.16793e+04   -2.66456e+05   -2.43532e+05    3.01883e+02
 Pres. DC (bar) Pressure (bar)   Constr. rmsd
   -1.58746e+02   -7.86862e+01    0.00000e+00

           Step           Time
         355000      710.00000

   Energies (kJ/mol)
           Bond          Angle    Proper Dih. Per. Imp. Dih.          LJ-14
    1.59746e+03    3.93840e+03    5.25251e+03    2.96980e+02    1.88210e+03
     Coulomb-14        LJ (SR)  Disper. corr.   Coulomb (SR)   Coul. recip.
    2.21831e+04    4.26400e+04   -2.33679e+03   -4.04426e+05    1.22959e+03
      Potential    Kinetic En.   Total Energy  Conserved En.    Temperature
   -3.27742e+05    6.12883e+04   -2.66454e+05   -2.43389e+05    2.99969e+02
 Pres. DC (bar) Pressure (bar)   Constr. rmsd
   -1.62216e+02    2.73793e+02    0.00000e+00

           Step           Time
         360000      720.00000

   Energies (kJ/mol)
           Bond          Angle    Proper Dih. Per. Imp. Dih.          LJ-14
    1.38957e+03    3.81425e+03    5.25225e+03    2.58608e+02    1.81781e+03
     Coulomb-14        LJ (SR)  Disper. corr.   Coulomb (SR)   Coul. recip.
    2.22658e+04    4.25354e+04   -2.34734e+03   -4.05680e+05    1.27711e+03
      Potential    Kinetic En.   Total Energy  Conserved En.    Temperature
   -3.29417e+05    6.12788e+04   -2.68138e+05   -2.42826e+05    2.99922e+02
 Pres. DC (bar) Pressure (bar)   Constr. rmsd
   -1.63682e+02    2.38433e+02    0.00000e+00

           Step           Time
         365000      730.00000

   Energies (kJ/mol)
           Bond          Angle    Proper Dih. Per. Imp. Dih.          LJ-14
    1.62014e+03    4.04398e+03    5.16927e+03    2.74483e+02    1.85541e+03
     Coulomb-14        LJ (SR)  Disper. corr.   Coulomb (SR)   Coul. recip.
    2.23541e+04    4.22716e+04   -2.31053e+03   -4.03768e+05    1.28895e+03
      Potential    Kinetic En.   Total Energy  Conserved En.    Temperature
   -3.27201e+05    6.16827e+04   -2.65518e+05   -2.42572e+05    3.01899e+02
 Pres. DC (bar) Pressure (bar)   Constr. rmsd
   -1.58594e+02    5.86079e+01    0.00000e+00

           Step           Time
         370000      740.00000

   Energies (kJ/mol)
           Bond          Angle    Proper Dih. Per. Imp. Dih.          LJ-14
    1.54944e+03    3.83351e+03    5.29991e+03    3.06224e+02    1.77631e+03
     Coulomb-14        LJ (SR)  Disper. corr.   Coulomb (SR)   Coul. recip.
    2.22240e+04    4.26271e+04   -2.32505e+03   -4.05615e+05    1.23468e+03
      Potential    Kinetic En.   Total Energy  Conserved En.    Temperature
   -3.29089e+05    6.07571e+04   -2.68332e+05   -2.42389e+05    2.97369e+02
 Pres. DC (bar) Pressure (bar)   Constr. rmsd
   -1.60591e+02   -8.71933e+01    0.00000e+00

           Step           Time
         375000      750.00000

   Energies (kJ/mol)
           Bond          Angle    Proper Dih. Per. Imp. Dih.          LJ-14
    1.44885e+03    3.58489e+03    5.33657e+03    2.81544e+02    1.83179e+03
     Coulomb-14        LJ (SR)  Disper. corr.   Coulomb (SR)   Coul. recip.
    2.24865e+04    4.30505e+04   -2.32709e+03   -4.07034e+05    1.24017e+03
      Potential    Kinetic En.   Total Energy  Conserved En.    Temperature
   -3.30101e+05    6.10186e+04   -2.69082e+05   -2.42186e+05    2.98649e+02
 Pres. DC (bar) Pressure (bar)   Constr. rmsd
   -1.60873e+02   -9.91892e+01    0.00000e+00

           Step           Time
         380000      760.00000

   Energies (kJ/mol)
           Bond          Angle    Proper Dih. Per. Imp. Dih.          LJ-14
    1.39821e+03    3.74103e+03    5.21929e+03    2.60314e+02    1.84007e+03
     Coulomb-14        LJ (SR)  Disper. corr.   Coulomb (SR)   Coul. recip.
    2.24818e+04    4.23269e+04   -2.31481e+03   -4.05600e+05    1.30022e+03
      Potential    Kinetic En.   Total Energy  Conserved En.    Temperature
   -3.29347e+05    6.09583e+04   -2.68388e+05   -2.42009e+05    2.98354e+02
 Pres. DC (bar) Pressure (bar)   Constr. rmsd
   -1.59181e+02    8.97548e+01    0.00000e+00

           Step           Time
         385000      770.00000

   Energies (kJ/mol)
           Bond          Angle    Proper Dih. Per. Imp. Dih.          LJ-14
    1.54988e+03    3.77792e+03    5.22172e+03    2.69774e+02    1.87194e+03
     Coulomb-14        LJ (SR)  Disper. corr.   Coulomb (SR)   Coul. recip.
    2.24061e+04    4.11812e+04   -2.29120e+03   -4.02243e+05    1.29565e+03
      Potential    Kinetic En.   Total Energy  Conserved En.    Temperature
   -3.26960e+05    6.07339e+04   -2.66227e+05   -2.41597e+05    2.97255e+02
 Pres. DC (bar) Pressure (bar)   Constr. rmsd
   -1.55953e+02   -4.60717e+02    0.00000e+00

           Step           Time
         390000      780.00000

   Energies (kJ/mol)
           Bond          Angle    Proper Dih. Per. Imp. Dih.          LJ-14
    1.51004e+03    3.79666e+03    5.14973e+03    2.50799e+02    1.82347e+03
     Coulomb-14        LJ (SR)  Disper. corr.   Coulomb (SR)   Coul. recip.
    2.22531e+04    4.18180e+04   -2.32275e+03   -4.03770e+05    1.22279e+03
      Potential    Kinetic En.   Total Energy  Conserved En.    Temperature
   -3.28268e+05    6.12181e+04   -2.67050e+05   -2.41067e+05    2.99625e+02
 Pres. DC (bar) Pressure (bar)   Constr. rmsd
   -1.60274e+02   -1.20871e+02    0.00000e+00

           Step           Time
         395000      790.00000

   Energies (kJ/mol)
           Bond          Angle    Proper Dih. Per. Imp. Dih.          LJ-14
    1.53178e+03    3.88877e+03    5.26214e+03    2.85174e+02    1.92610e+03
     Coulomb-14        LJ (SR)  Disper. corr.   Coulomb (SR)   Coul. recip.
    2.24631e+04    4.34176e+04   -2.31155e+03   -4.05106e+05    1.30481e+03
      Potential    Kinetic En.   Total Energy  Conserved En.    Temperature
   -3.27338e+05    6.16280e+04   -2.65710e+05   -2.40839e+05    3.01632e+02
 Pres. DC (bar) Pressure (bar)   Constr. rmsd
   -1.58733e+02    2.79219e+02    0.00000e+00

           Step           Time
         400000      800.00000

   Energies (kJ/mol)
           Bond          Angle    Proper Dih. Per. Imp. Dih.          LJ-14
    1.59916e+03    3.69588e+03    5.17898e+03    2.21592e+02    1.86590e+03
     Coulomb-14        LJ (SR)  Disper. corr.   Coulomb (SR)   Coul. recip.
    2.24193e+04    4.19888e+04   -2.32713e+03   -4.04403e+05    1.23575e+03
      Potential    Kinetic En.   Total Energy  Conserved En.    Temperature
   -3.28525e+05    6.16098e+04   -2.66915e+05   -2.40604e+05    3.01543e+02
 Pres. DC (bar) Pressure (bar)   Constr. rmsd
   -1.60878e+02   -1.40391e+02    0.00000e+00

           Step           Time
         405000      810.00000

   Energies (kJ/mol)
           Bond          Angle    Proper Dih. Per. Imp. Dih.          LJ-14
    1.53761e+03    4.03080e+03    5.26965e+03    2.97309e+02    1.84966e+03
     Coulomb-14        LJ (SR)  Disper. corr.   Coulomb (SR)   Coul. recip.
    2.24076e+04    4.21476e+04   -2.30789e+03   -4.03089e+05    1.28354e+03
      Potential    Kinetic En.   Total Energy  Conserved En.    Temperature
   -3.26574e+05    6.16535e+04   -2.64920e+05   -2.40231e+05    3.01756e+02
 Pres. DC (bar) Pressure (bar)   Constr. rmsd
   -1.58232e+02   -1.09073e+01    0.00000e+00

           Step           Time
         410000      820.00000

   Energies (kJ/mol)
           Bond          Angle    Proper Dih. Per. Imp. Dih.          LJ-14
    1.47931e+03    3.99132e+03    5.23238e+03    2.32751e+02    1.79349e+03
     Coulomb-14        LJ (SR)  Disper. corr.   Coulomb (SR)   Coul. recip.
    2.23542e+04    4.12406e+04   -2.30373e+03   -4.03191e+05    1.23980e+03
      Potential    Kinetic En.   Total Energy  Conserved En.    Temperature
   -3.27931e+05    6.13735e+04   -2.66558e+05   -2.39912e+05    3.00386e+02
 Pres. DC (bar) Pressure (bar)   Constr. rmsd
   -1.57662e+02   -3.33972e+02    0.00000e+00

           Step           Time
         415000      830.00000

   Energies (kJ/mol)
           Bond          Angle    Proper Dih. Per. Imp. Dih.          LJ-14
    1.51383e+03    3.85521e+03    5.20975e+03    2.55439e+02    1.91527e+03
     Coulomb-14        LJ (SR)  Disper. corr.   Coulomb (SR)   Coul. recip.
    2.24365e+04    4.25531e+04   -2.33982e+03   -4.05662e+05    1.26331e+03
      Potential    Kinetic En.   Total Energy  Conserved En.    Temperature
   -3.28999e+05    6.16457e+04   -2.67354e+05   -2.39592e+05    3.01718e+02
 Pres. DC (bar) Pressure (bar)   Constr. rmsd
   -1.62636e+02    3.07918e+02    0.00000e+00

           Step           Time
         420000      840.00000

   Energies (kJ/mol)
           Bond          Angle    Proper Dih. Per. Imp. Dih.          LJ-14
    1.54344e+03    4.06911e+03    5.24949e+03    2.80650e+02    1.76410e+03
     Coulomb-14        LJ (SR)  Disper. corr.   Coulomb (SR)   Coul. recip.
    2.23109e+04    4.17754e+04   -2.31266e+03   -4.04031e+05    1.32717e+03
      Potential    Kinetic En.   Total Energy  Conserved En.    Temperature
   -3.28023e+05    6.15478e+04   -2.66475e+05   -2.39360e+05    3.01239e+02
 Pres. DC (bar) Pressure (bar)   Constr. rmsd
   -1.58885e+02   -1.09297e+02    0.00000e+00

           Step           Time
         425000      850.00000

   Energies (kJ/mol)
           Bond          Angle    Proper Dih. Per. Imp. Dih.          LJ-14
    1.49375e+03    3.74031e+03    5.34864e+03    2.56256e+02    1.87256e+03
     Coulomb-14        LJ (SR)  Disper. corr.   Coulomb (SR)   Coul. recip.
    2.24147e+04    4.35715e+04   -2.32332e+03   -4.06779e+05    1.24109e+03
      Potential    Kinetic En.   Total Energy  Conserved En.    Temperature
   -3.29164e+05    6.22409e+04   -2.66923e+05   -2.39220e+05    3.04631e+02
 Pres. DC (bar) Pressure (bar)   Constr. rmsd
   -1.60352e+02    4.18844e+02    0.00000e+00

           Step           Time
         430000      860.00000

   Energies (kJ/mol)
           Bond          Angle    Proper Dih. Per. Imp. Dih.          LJ-14
    1.49693e+03    3.66526e+03    5.26802e+03    2.75312e+02    1.88426e+03
     Coulomb-14        LJ (SR)  Disper. corr.   Coulomb (SR)   Coul. recip.
    2.25065e+04    4.29403e+04   -2.33130e+03   -4.06292e+05    1.28753e+03
      Potential    Kinetic En.   Total Energy  Conserved En.    Temperature
   -3.29299e+05    6.13343e+04   -2.67965e+05   -2.38834e+05    3.00194e+02
 Pres. DC (bar) Pressure (bar)   Constr. rmsd
   -1.61454e+02    1.57543e+02    0.00000e+00

           Step           Time
         435000      870.00000

   Energies (kJ/mol)
           Bond          Angle    Proper Dih. Per. Imp. Dih.          LJ-14
    1.52461e+03    3.84847e+03    5.13744e+03    2.78208e+02    1.79449e+03
     Coulomb-14        LJ (SR)  Disper. corr.   Coulomb (SR)   Coul. recip.
    2.24009e+04    4.37640e+04   -2.31467e+03   -4.06697e+05    1.27049e+03
      Potential    Kinetic En.   Total Energy  Conserved En.    Temperature
   -3.28993e+05    6.10677e+04   -2.67925e+05   -2.38332e+05    2.98889e+02
 Pres. DC (bar) Pressure (bar)   Constr. rmsd
   -1.59161e+02    9.76451e+01    0.00000e+00

           Step           Time
         440000      880.00000

   Energies (kJ/mol)
           Bond          Angle    Proper Dih. Per. Imp. Dih.          LJ-14
    1.66806e+03    3.80806e+03    5.17730e+03    2.66718e+02    1.78833e+03
     Coulomb-14        LJ (SR)  Disper. corr.   Coulomb (SR)   Coul. recip.
    2.24567e+04    4.16953e+04   -2.32146e+03   -4.04503e+05    1.30538e+03
      Potential    Kinetic En.   Total Energy  Conserved En.    Temperature
   -3.28659e+05    6.17684e+04   -2.66890e+05   -2.38106e+05    3.02319e+02
 Pres. DC (bar) Pressure (bar)   Constr. rmsd
   -1.60096e+02   -4.06654e+02    0.00000e+00

           Step           Time
         445000      890.00000

   Energies (kJ/mol)
           Bond          Angle    Proper Dih. Per. Imp. Dih.          LJ-14
    1.49662e+03    3.75739e+03    5.23694e+03    2.35351e+02    1.87020e+03
     Coulomb-14        LJ (SR)  Disper. corr.   Coulomb (SR)   Coul. recip.
    2.23935e+04    4.27374e+04   -2.31945e+03   -4.05249e+05    1.30225e+03
      Potential    Kinetic En.   Total Energy  Conserved En.    Temperature
   -3.28539e+05    6.14607e+04   -2.67078e+05   -2.37690e+05    3.00813e+02
 Pres. DC (bar) Pressure (bar)   Constr. rmsd
   -1.59820e+02    1.98987e+02    0.00000e+00

           Step           Time
         450000      900.00000

   Energies (kJ/mol)
           Bond          Angle    Proper Dih. Per. Imp. Dih.          LJ-14
    1.60218e+03    3.83167e+03    5.17214e+03    2.34542e+02    1.88105e+03
     Coulomb-14        LJ (SR)  Disper. corr.   Coulomb (SR)   Coul. recip.
    2.24286e+04    4.35000e+04   -2.31105e+03   -4.05972e+05    1.26390e+03
      Potential    Kinetic En.   Total Energy  Conserved En.    Temperature
   -3.28369e+05    6.10131e+04   -2.67356e+05   -2.37285e+05    2.98622e+02
 Pres. DC (bar) Pressure (bar)   Constr. rmsd
   -1.58665e+02    1.17700e+02    0.00000e+00

           Step           Time
         455000      910.00000

   Energies (kJ/mol)
           Bond          Angle    Proper Dih. Per. Imp. Dih.          LJ-14
    1.47665e+03    3.76183e+03    5.25612e+03    2.55727e+02    1.87553e+03
     Coulomb-14        LJ (SR)  Disper. corr.   Coulomb (SR)   Coul. recip.
    2.23276e+04    4.19062e+04   -2.30641e+03   -4.04047e+05    1.25473e+03
      Potential    Kinetic En.   Total Energy  Conserved En.    Temperature
   -3.28240e+05    6.07082e+04   -2.67531e+05   -2.37032e+05    2.97130e+02
 Pres. DC (bar) Pressure (bar)   Constr. rmsd
   -1.58029e+02    1.37772e+02    0.00000e+00

           Step           Time
         460000      920.00000

   Energies (kJ/mol)
           Bond          Angle    Proper Dih. Per. Imp. Dih.          LJ-14
    1.44415e+03    3.71623e+03    5.29314e+03    2.43969e+02    1.88906e+03
     Coulomb-14        LJ (SR)  Disper. corr.   Coulomb (SR)   Coul. recip.
    2.24467e+04    4.14326e+04   -2.30726e+03   -4.03587e+05    1.24489e+03
      Potential    Kinetic En.   Total Energy  Conserved En.    Temperature
   -3.28183e+05    6.09650e+04   -2.67218e+05   -2.36765e+05    2.98387e+02
 Pres. DC (bar) Pressure (bar)   Constr. rmsd
   -1.58145e+02   -3.27333e+01    0.00000e+00

           Step           Time
         465000      930.00000

   Energies (kJ/mol)
           Bond          Angle    Proper Dih. Per. Imp. Dih.          LJ-14
    1.60391e+03    3.88954e+03    5.15991e+03    3.22721e+02    1.89281e+03
     Coulomb-14        LJ (SR)  Disper. corr.   Coulomb (SR)   Coul. recip.
    2.25639e+04    4.21741e+04   -2.31959e+03   -4.03742e+05    1.30564e+03
      Potential    Kinetic En.   Total Energy  Conserved En.    Temperature
   -3.27149e+05    6.20824e+04   -2.65067e+05   -2.36489e+05    3.03856e+02
 Pres. DC (bar) Pressure (bar)   Constr. rmsd
   -1.59838e+02    8.70747e+01    0.00000e+00

           Step           Time
         470000      940.00000

   Energies (kJ/mol)
           Bond          Angle    Proper Dih. Per. Imp. Dih.          LJ-14
    1.51083e+03    3.84453e+03    5.21047e+03    2.57992e+02    1.86725e+03
     Coulomb-14        LJ (SR)  Disper. corr.   Coulomb (SR)   Coul. recip.
    2.22924e+04    4.21788e+04   -2.29598e+03   -4.04022e+05    1.25164e+03
      Potential    Kinetic En.   Total Energy  Conserved En.    Temperature
   -3.27904e+05    6.06912e+04   -2.67213e+05   -2.36162e+05    2.97046e+02
 Pres. DC (bar) Pressure (bar)   Constr. rmsd
   -1.56604e+02   -9.12470e+01    0.00000e+00

           Step           Time
         475000      950.00000

   Energies (kJ/mol)
           Bond          Angle    Proper Dih. Per. Imp. Dih.          LJ-14
    1.52751e+03    3.84901e+03    5.21381e+03    2.70404e+02    1.89949e+03
     Coulomb-14        LJ (SR)  Disper. corr.   Coulomb (SR)   Coul. recip.
    2.23012e+04    4.19171e+04   -2.33836e+03   -4.04000e+05    1.28482e+03
      Potential    Kinetic En.   Total Energy  Conserved En.    Temperature
   -3.28076e+05    6.07905e+04   -2.67285e+05   -2.35603e+05    2.97532e+02
 Pres. DC (bar) Pressure (bar)   Constr. rmsd
   -1.62434e+02    1.62712e+02    0.00000e+00

           Step           Time
         480000      960.00000

   Energies (kJ/mol)
           Bond          Angle    Proper Dih. Per. Imp. Dih.          LJ-14
    1.50239e+03    3.87902e+03    5.24867e+03    2.33962e+02    1.80282e+03
     Coulomb-14        LJ (SR)  Disper. corr.   Coulomb (SR)   Coul. recip.
    2.22899e+04    4.22196e+04   -2.32273e+03   -4.04813e+05    1.23479e+03
      Potential    Kinetic En.   Total Energy  Conserved En.    Temperature
   -3.28725e+05    6.13008e+04   -2.67424e+05   -2.35384e+05    3.00030e+02
 Pres. DC (bar) Pressure (bar)   Constr. rmsd
   -1.60271e+02   -4.38393e+01    0.00000e+00

           Step           Time
         485000      970.00000

   Energies (kJ/mol)
           Bond          Angle    Proper Dih. Per. Imp. Dih.          LJ-14
    1.62642e+03    3.86386e+03    5.13995e+03    2.46048e+02    1.81931e+03
     Coulomb-14        LJ (SR)  Disper. corr.   Coulomb (SR)   Coul. recip.
    2.22448e+04    4.27969e+04   -2.32679e+03   -4.05414e+05    1.29439e+03
      Potential    Kinetic En.   Total Energy  Conserved En.    Temperature
   -3.28709e+05    6.11296e+04   -2.67579e+05   -2.35192e+05    2.99192e+02
 Pres. DC (bar) Pressure (bar)   Constr. rmsd
   -1.60832e+02    9.45394e+01    0.00000e+00

           Step           Time
         490000      980.00000

   Energies (kJ/mol)
           Bond          Angle    Proper Dih. Per. Imp. Dih.          LJ-14
    1.50090e+03    3.82709e+03    5.11400e+03    2.89730e+02    1.81711e+03
     Coulomb-14        LJ (SR)  Disper. corr.   Coulomb (SR)   Coul. recip.
    2.21982e+04    4.32331e+04   -2.30600e+03   -4.04996e+05    1.31211e+03
      Potential    Kinetic En.   Total Energy  Conserved En.    Temperature
   -3.28010e+05    6.04013e+04   -2.67609e+05   -2.34831e+05    2.95628e+02
 Pres. DC (bar) Pressure (bar)   Constr. rmsd
   -1.57972e+02    2.71870e+01    0.00000e+00

           Step           Time
         495000      990.00000

   Energies (kJ/mol)
           Bond          Angle    Proper Dih. Per. Imp. Dih.          LJ-14
    1.56391e+03    3.71527e+03    5.18614e+03    2.61238e+02    1.80334e+03
     Coulomb-14        LJ (SR)  Disper. corr.   Coulomb (SR)   Coul. recip.
    2.25036e+04    4.14859e+04   -2.30568e+03   -4.03300e+05    1.25567e+03
      Potential    Kinetic En.   Total Energy  Conserved En.    Temperature
   -3.27831e+05    6.12606e+04   -2.66570e+05   -2.34488e+05    2.99833e+02
 Pres. DC (bar) Pressure (bar)   Constr. rmsd
   -1.57929e+02   -3.53240e+02    0.00000e+00

           Step           Time
         500000     1000.00000

Writing checkpoint, step 500000 at Thu Aug 20 19:43:34 2026


   Energies (kJ/mol)
           Bond          Angle    Proper Dih. Per. Imp. Dih.          LJ-14
    1.46796e+03    3.95984e+03    5.19860e+03    2.67770e+02    1.82647e+03
     Coulomb-14        LJ (SR)  Disper. corr.   Coulomb (SR)   Coul. recip.
    2.26004e+04    4.18854e+04   -2.30492e+03   -4.02887e+05    1.29839e+03
      Potential    Kinetic En.   Total Energy  Conserved En.    Temperature
   -3.26687e+05    6.09042e+04   -2.65782e+05   -2.34093e+05    2.98089e+02
 Pres. DC (bar) Pressure (bar)   Constr. rmsd
   -1.57824e+02    1.87720e+01    0.00000e+00


Energy conservation over simulation part #1 of length 1000 ps, time 0 to 1000 ps
  Conserved energy drift: 1.37e-03 kJ/mol/ps per atom


	<======  ###############  ==>
	<====  A V E R A G E S  ====>
	<==  ###############  ======>

	Statistics over 500001 steps using 5001 frames

   Energies (kJ/mol)
           Bond          Angle    Proper Dih. Per. Imp. Dih.          LJ-14
    1.54538e+03    3.83063e+03    5.22167e+03    2.64543e+02    1.84294e+03
     Coulomb-14        LJ (SR)  Disper. corr.   Coulomb (SR)   Coul. recip.
    2.23464e+04    4.23490e+04   -2.31973e+03   -4.04700e+05    1.26991e+03
      Potential    Kinetic En.   Total Energy  Conserved En.    Temperature
   -3.28350e+05    6.12869e+04   -2.67063e+05   -2.50144e+05    2.99962e+02
 Pres. DC (bar) Pressure (bar)   Constr. rmsd
   -1.59864e+02   -5.36401e-01    0.00000e+00

          Box-X          Box-Y          Box-Z
    6.98694e+00    6.98694e+00    4.94051e+00

   Total Virial (kJ/mol)
    2.04533e+04   -1.55386e+00   -8.47324e+00
   -1.55281e+00    2.04482e+04    1.94062e+01
   -8.47343e+00    1.94064e+01    2.04152e+04

   Pressure (bar)
   -1.10140e+00    1.34227e+00   -1.16651e+00
    1.34213e+00   -1.10906e+00   -9.14366e-01
   -1.16649e+00   -9.14389e-01    6.01257e-01

      T-Protein  T-non-Protein
    2.99991e+02    2.99959e+02


	M E G A - F L O P S   A C C O U N T I N G

 NB=Group-cutoff nonbonded kernels    NxN=N-by-N cluster Verlet kernels
 RF=Reaction-Field  VdW=Van der Waals  QSTab=quadratic-spline table
 W3=SPC/TIP3p  W4=TIP4p (single or pairs)
 V&F=Potential and force  V=Potential only  F=Force only

 Computing:                               M-Number         M-Flops  % Flops
-----------------------------------------------------------------------------
 Pair Search distance check           14801.265536      133211.390     0.0
 NxN Ewald Elec. + LJ [F]          15235384.925376  1188360024.179    98.3
 NxN Ewald Elec. + LJ [V&F]          153923.361408    19856113.622     1.6
 Shift-X                                120.299055         721.794     0.0
 Virial                                 241.024100        4338.434     0.0
 Stop-CM                                120.299055        1202.991     0.0
 Calc-Ekin                             2405.548110       64949.799     0.0
-----------------------------------------------------------------------------
 Total                                              1208420562.208   100.0
-----------------------------------------------------------------------------


      R E A L   C Y C L E   A N D   T I M E   A C C O U N T I N G

On 1 MPI rank, each using 24 OpenMP threads

 Activity:              Num   Num      Call    Wall time         Giga-Cycles
                        Ranks Threads  Count      (s)         total sum    %
--------------------------------------------------------------------------------
 Neighbor search           1   24       5001       3.977        201.605   2.0
 Launch PP GPU ops.        1   24     995001      11.932        604.810   6.1
 Force                     1   24     500001       0.571         28.946   0.3
 PME GPU mesh              1   24     500001       9.051        458.757   4.6
 Wait Bonded GPU           1   24       5001       0.003          0.169   0.0
 Wait GPU NB local         1   24     500001       3.736        189.354   1.9
 Wait GPU state copy       1   24     130003     157.882       8002.730  80.5
 NB X/F buffer ops.        1   24      10001       0.225         11.413   0.1
 Write traj.               1   24        101       0.119          6.009   0.1
 GPU constr. setup         1   24          1       0.000          0.020   0.0
 Kinetic energy            1   24     100001       5.426        275.023   2.8
 Rest                                              3.197        162.070   1.6
--------------------------------------------------------------------------------
 Total                                           196.119       9940.904 100.0
--------------------------------------------------------------------------------
 Breakdown of PME mesh activities
--------------------------------------------------------------------------------
 Wait PME GPU gather       1   24     500001       0.862         43.713   0.4
 Reduce GPU PME F          1   24     500001       0.232         11.748   0.1
 Launch PME GPU ops.       1   24    4500009       7.551        382.756   3.9
--------------------------------------------------------------------------------

               Core t (s)   Wall t (s)        (%)
       Time:     4706.819      196.119     2400.0
                 (ns/day)    (hour/ns)
Performance:      440.549        0.054
Finished mdrun on rank 0 Thu Aug 20 19:43:34 2026

