            --------------------------------------------------------
                             AMBER SQM VERSION 19
 
                                     By
              Ross C. Walker, Michael F. Crowley, Scott Brozell,
                         Tim Giese, Andreas W. Goetz,
                        Tai-Sung Lee and David A. Case
 
            --------------------------------------------------------
 

--------------------------------------------------------------------------------
  QM CALCULATION INFO
--------------------------------------------------------------------------------

| QMMM: Citation for AMBER QMMM Run:
| QMMM: R.C. Walker, M.F. Crowley and D.A. Case, J. COMP. CHEM. 29:1019, 2008

QMMM: SINGLET STATE CALCULATION
QMMM: RHF CALCULATION, NO. OF DOUBLY OCCUPIED LEVELS =104

| QMMM: *** Selected Hamiltonian *** 
| QMMM: AM1         

| QMMM: *** Parameter sets in use ***
| QMMM: O : M.J.S.DEWAR et al. JACS, 107, 3902, (1985)
| QMMM: N : M.J.S.DEWAR et al. JACS, 107, 3902, (1985)
| QMMM: C : M.J.S.DEWAR et al. JACS, 107, 3902, (1985)
| QMMM: H : M.J.S.DEWAR et al. JACS, 107, 3902, (1985)

| QMMM: *** SCF convergence criteria ***
| QMMM: Energy change                :  0.1D-09 kcal/mol
| QMMM: Error matrix |FP-PF|         :  0.1D+00 au
| QMMM: Density matrix change        :  0.5D-06
| QMMM: Maximum number of SCF cycles :     1000

| QMMM: *** Diagonalization Routine Information ***
| QMMM: Pseudo diagonalizations are allowed.
| QMMM: Auto diagonalization routine selection is in use.
| QMMM:
| QMMM: Timing diagonalization routines:
| QMMM:                              norbs =      188
| QMMM:    diag iterations used for timing =        5
| QMMM:
| QMMM:              Internal diag routine = 0.031283 seconds
| QMMM:                 Dspev diag routine = 0.038230 seconds
| QMMM:                Dspevd diag routine = 0.028304 seconds
| QMMM:                Dspevx diag routine = 0.108238 seconds
| QMMM:                 Dsyev diag routine = 0.041712 seconds
| QMMM:                Dsyevd diag routine = 0.033435 seconds
| QMMM:                Dsyevr diag routine = 0.032496 seconds
| QMMM:
| QMMM:                Pseudo diag routine = 0.013264 seconds
| QMMM:
| QMMM: Using dspevd routine (diag_routine=3).

  QMMM: QM Region Cartesian Coordinates (*=link atom) 
  QMMM: QM_NO.   MM_NO.  ATOM         X         Y         Z
  QMMM:     1        1      O       -0.4870    7.7620    5.4840
  QMMM:     2        2      O       -3.4940   10.3520    6.9170
  QMMM:     3        3      O        1.3900    5.0370    5.4630
  QMMM:     4        4      O       -0.8970    3.0680    0.8130
  QMMM:     5        5      O       -0.7230    1.5660    5.2990
  QMMM:     6        6      O        0.3120   -0.3310    4.7740
  QMMM:     7        7      N       -2.1150    8.7010    7.6030
  QMMM:     8        8      N        1.2510    4.8000    3.2230
  QMMM:     9        9      N       -1.3050    5.6620    5.8080
  QMMM:    10       10      N       -0.0760    2.4130    2.8220
  QMMM:    11       11      N       -4.5070    6.9840    6.4230
  QMMM:    12       12      N       -3.8090   -1.1390    5.2050
  QMMM:    13       13      N       -3.2880   -0.2870    7.3130
  QMMM:    14       14      N       -4.0900   -2.4580    7.0550
  QMMM:    15       15      C       -1.5810    7.3250    7.5880
  QMMM:    16       16      C       -0.3380    7.3500    8.4980
  QMMM:    17       17      C        0.5440    4.6230    1.9380
  QMMM:    18       18      C       -0.1060    8.8010    8.9170
  QMMM:    19       19      C       -1.2270    9.6310    8.2950
  QMMM:    20       20      C        1.6450    4.6020    0.8560
  QMMM:    21       21      C        2.9370    5.0130    1.5370
  QMMM:    22       22      C        2.6920    4.9200    3.0360
  QMMM:    23       23      C       -1.0980    6.9390    6.1770
  QMMM:    24       24      C       -3.3270    9.1530    7.1810
  QMMM:    25       25      C       -4.5900    8.2430    7.1870
  QMMM:    26       26      C        0.6970    4.9500    4.4510
  QMMM:    27       27      C       -0.2260    3.2870    1.8180
  QMMM:    28       28      C       -0.8420    5.0510    4.5690
  QMMM:    29       29      C       -5.1520    8.0800    8.6390
  QMMM:    30       30      C       -0.4830    1.0260    2.9860
  QMMM:    31       31      C       -4.4440    7.0340    9.5240
  QMMM:    32       32      C       -6.6800    7.8760    8.7020
  QMMM:    33       33      C       -1.9110    0.7440    2.4450
  QMMM:    34       34      C       -2.7040   -0.3980    3.1190
  QMMM:    35       35      C       -0.2970    0.7210    4.4780
  QMMM:    36       36      C       -3.5420    0.0180    4.3520
  QMMM:    37       37      C       -3.7360   -1.2760    6.5290
  QMMM:    38       38      H       -2.3070    6.5950    7.9450
  QMMM:    39       39      H       -0.5110    6.7160    9.3710
  QMMM:    40       40      H        0.5650    6.9630    8.0140
  QMMM:    41       41      H       -0.1240    5.4670    1.7580
  QMMM:    42       42      H        0.8830    9.1790    8.6310
  QMMM:    43       43      H       -0.1630    8.8710   10.0140
  QMMM:    44       44      H       -0.8050   10.3450    7.5830
  QMMM:    45       45      H       -1.7680   10.2040    9.0590
  QMMM:    46       46      H        1.7990    3.6080    0.4320
  QMMM:    47       47      H        1.3930    5.2620    0.0290
  QMMM:    48       48      H        3.1160    6.0530    1.2760
  QMMM:    49       49      H        3.8020    4.4290    1.2200
  QMMM:    50       50      H        3.1030    5.7850    3.5570
  QMMM:    51       51      H        3.1650    4.0280    3.4400
  QMMM:    52       52      H       -5.3370    8.8350    6.6460
  QMMM:    53       53      H       -1.2460    5.6340    3.7370
  QMMM:    54       54      H       -1.2840    4.0600    4.5120
  QMMM:    55       55      H       -4.9990    9.0470    9.1280
  QMMM:    56       56      H       -1.7790    5.0390    6.4450
  QMMM:    57       57      H        0.4580    2.7440    3.6140
  QMMM:    58       58      H        0.2300    0.4160    2.4500
  QMMM:    59       59      H       -4.4670    6.0430    9.0820
  QMMM:    60       60      H       -3.4110    7.3090    9.7280
  QMMM:    61       61      H       -4.9270    6.9520   10.4970
  QMMM:    62       62      H       -6.9770    6.8660    8.4210
  QMMM:    63       63      H       -7.0460    8.0320    9.7300
  QMMM:    64       64      H       -7.1980    8.5820    8.0610
  QMMM:    65       65      H       -4.4130    7.1220    5.4180
  QMMM:    66       66      H       -3.7490    6.3790    6.7160
  QMMM:    67       67      H       -1.8110    0.4800    1.3990
  QMMM:    68       68      H       -2.4860    1.6570    2.4230
  QMMM:    69       69      H       -2.0360   -1.2290    3.3530
  QMMM:    70       70      H       -3.3950   -0.8030    2.3780
  QMMM:    71       71      H       -4.4890    0.4430    4.0220
  QMMM:    72       72      H       -3.0520    0.7880    4.9380
  QMMM:    73       73      H       -3.2600   -0.3800    8.3190
  QMMM:    74       74      H       -2.9300    0.5590    6.8890
  QMMM:    75       75      H       -4.3990   -3.2060    6.4540
  QMMM:    76       76      H       -3.9690   -2.6560    8.0370
  QMMM:    77       77      H       -4.0390   -1.9790    4.6250

--------------------------------------------------------------------------------
  RESULTS
--------------------------------------------------------------------------------

      iter         sqm energy              rms gradient
      ----    -------------------    -----------------------
xmin    10     -204.7999 kcal/mol        2.9552 kcal/(mol*A)
xmin    20     -212.3254 kcal/mol        1.0635 kcal/(mol*A)
xmin    30     -215.4005 kcal/mol        0.4235 kcal/(mol*A)
xmin    40     -215.6221 kcal/mol        0.1770 kcal/(mol*A)
xmin    50     -215.8060 kcal/mol        0.2519 kcal/(mol*A)
xmin    60     -215.8550 kcal/mol        0.0567 kcal/(mol*A)
xmin    70     -215.8648 kcal/mol        0.0534 kcal/(mol*A)
xmin    80     -215.8783 kcal/mol        0.0229 kcal/(mol*A)
xmin    90     -215.8814 kcal/mol        0.0101 kcal/(mol*A)
xmin   100     -215.8823 kcal/mol        0.0065 kcal/(mol*A)
xmin   110     -215.8829 kcal/mol        0.0029 kcal/(mol*A)
xmin   120     -215.8831 kcal/mol        0.0028 kcal/(mol*A)
xmin   130     -215.8832 kcal/mol        0.0019 kcal/(mol*A)
xmin   140     -215.8832 kcal/mol        0.0033 kcal/(mol*A)
xmin   150     -215.8832 kcal/mol        0.0008 kcal/(mol*A)
xmin   150     -215.8832 kcal/mol        0.0004 kcal/(mol*A)
  ... geometry converged !
 
 Final MO eigenvalues (eV):
 -41.2198  -40.9521  -40.7581  -39.4984  -39.0809  -38.1638  -37.9107  -37.3501
 -36.8528  -36.5917  -35.2798  -35.2451  -34.3953  -33.9903  -33.4369  -33.3236
 -32.7582  -32.0949  -30.9331  -30.5743  -28.7811  -27.8892  -27.7523  -26.9867
 -26.0323  -24.8045  -24.1437  -23.4417  -22.8488  -22.6692  -22.2418  -21.8124
 -21.4967  -20.8236  -20.4673  -20.2765  -19.8491  -19.5041  -19.4347  -18.6527
 -18.2528  -18.0647  -17.8372  -17.4311  -17.2464  -17.1092  -16.9746  -16.8658
 -16.8016  -16.5882  -16.4266  -16.2977  -16.0946  -15.9632  -15.8076  -15.3524
 -15.2804  -15.1303  -15.0820  -14.9418  -14.7903  -14.6676  -14.5781  -14.5008
 -14.4020  -14.2445  -14.1280  -14.0818  -14.0549  -13.8633  -13.7251  -13.7018
 -13.3484  -13.1487  -13.1099  -13.0751  -12.9696  -12.8251  -12.7435  -12.6782
 -12.5649  -12.4852  -12.4280  -12.2621  -12.0399  -11.9647  -11.9345  -11.6921
 -11.6190  -11.5340  -11.4359  -11.3210  -11.2490  -11.0496  -10.9944  -10.8480
 -10.3909  -10.2438   -9.9970   -9.9228   -9.5335   -9.4186   -9.3190   -9.0055
  -0.6640    0.3829    1.0780    1.3238    1.3711    1.5877    1.7363    1.7428
   1.9570    2.0582    2.2145    2.4360    2.7941    2.9265    3.1586    3.2358
   3.2796    3.3167    3.3640    3.3973    3.4377    3.4666    3.5035    3.5945
   3.6448    3.7480    3.7964    3.8125    3.8350    3.8539    3.8926    3.9569
   3.9683    4.0345    4.0783    4.1680    4.1909    4.2206    4.2310    4.2678
   4.3166    4.3513    4.4366    4.4578    4.4751    4.5226    4.5323    4.5358
   4.5676    4.5914    4.6169    4.6315    4.6610    4.6839    4.7063    4.7381
   4.8201    4.8791    4.9063    4.9334    4.9716    5.0532    5.0809    5.1101
   5.1453    5.1847    5.2438    5.2476    5.2813    5.3832    5.4623    5.5218
   6.0202    6.1636    6.3088    6.4236    6.5053    6.5906    6.9031    7.0161
   7.1874    7.2365    7.3539    8.1902

 Heat of formation   =       -215.88319277 kcal/mol  (       -9.36139772 eV)

 Total SCF energy    =    -163164.59277454 kcal/mol  (    -7075.34767679 eV)
 Electronic energy   =   -1566114.92680403 kcal/mol  (   -67911.83933065 eV)
 Core-core repulsion =    1402950.33402949 kcal/mol  (    60836.49165385 eV)
 
    Atomic Charges for Step       1 :
  Atom    Element       Mulliken Charge
     1      O                 -0.340
     2      O                 -0.374
     3      O                 -0.389
     4      O                 -0.372
     5      O                 -0.561
     6      O                 -0.619
     7      N                 -0.316
     8      N                 -0.330
     9      N                 -0.325
    10      N                 -0.325
    11      N                 -0.354
    12      N                 -0.283
    13      N                 -0.284
    14      N                 -0.323
    15      C                  0.009
    16      C                 -0.176
    17      C                 -0.005
    18      C                 -0.171
    19      C                 -0.033
    20      C                 -0.160
    21      C                 -0.174
    22      C                 -0.030
    23      C                  0.261
    24      C                  0.266
    25      C                 -0.020
    26      C                  0.282
    27      C                  0.285
    28      C                 -0.081
    29      C                 -0.102
    30      C                 -0.023
    31      C                 -0.216
    32      C                 -0.202
    33      C                 -0.157
    34      C                 -0.182
    35      C                  0.305
    36      C                 -0.052
    37      C                  0.399
    38      H                  0.108
    39      H                  0.092
    40      H                  0.124
    41      H                  0.127
    42      H                  0.100
    43      H                  0.091
    44      H                  0.099
    45      H                  0.109
    46      H                  0.105
    47      H                  0.103
    48      H                  0.095
    49      H                  0.095
    50      H                  0.104
    51      H                  0.092
    52      H                  0.132
    53      H                  0.143
    54      H                  0.177
    55      H                  0.109
    56      H                  0.216
    57      H                  0.226
    58      H                  0.104
    59      H                  0.072
    60      H                  0.071
    61      H                  0.080
    62      H                  0.086
    63      H                  0.068
    64      H                  0.080
    65      H                  0.185
    66      H                  0.147
    67      H                  0.105
    68      H                  0.121
    69      H                  0.098
    70      H                  0.091
    71      H                  0.107
    72      H                  0.130
    73      H                  0.235
    74      H                  0.259
    75      H                  0.232
    76      H                  0.232
    77      H                  0.226
 Total Mulliken Charge =      -0.000
 
                  X        Y        Z     TOTAL  
  QM DIPOLE     0.831  -11.546    1.574   11.683
 
 Final Structure

  QMMM: QM Region Cartesian Coordinates (*=link atom) 
  QMMM: QM_NO.   MM_NO.  ATOM         X         Y         Z
  QMMM:     1        1      O       -1.7769    7.5918    5.1534
  QMMM:     2        2      O       -3.5674   10.5418    8.1896
  QMMM:     3        3      O        1.3926    5.2556    5.7950
  QMMM:     4        4      O       -1.4882    3.3447    1.6468
  QMMM:     5        5      O       -1.5805    1.7271    5.2289
  QMMM:     6        6      O       -1.0870   -0.4270    5.1133
  QMMM:     7        7      N       -2.0747    8.9248    7.6533
  QMMM:     8        8      N        1.2381    4.4763    3.6590
  QMMM:     9        9      N       -1.3500    5.5593    6.1480
  QMMM:    10       10      N        0.0005    1.9473    2.7501
  QMMM:    11       11      N       -4.4649    7.4607    6.4831
  QMMM:    12       12      N       -3.7630   -1.2366    4.8921
  QMMM:    13       13      N       -3.2419    0.1987    6.7779
  QMMM:    14       14      N       -2.5088   -2.0933    6.7586
  QMMM:    15       15      C       -1.6211    7.5509    7.6106
  QMMM:    16       16      C       -0.1820    7.5194    8.1947
  QMMM:    17       17      C        0.5370    4.3790    2.3915
  QMMM:    18       18      C        0.2342    8.9714    8.3887
  QMMM:    19       19      C       -0.9721    9.8249    7.9756
  QMMM:    20       20      C        1.6066    4.3100    1.2767
  QMMM:    21       21      C        2.9597    4.4589    1.9637
  QMMM:    22       22      C        2.6807    4.5028    3.4728
  QMMM:    23       23      C       -1.5699    6.9390    6.1909
  QMMM:    24       24      C       -3.3794    9.3687    7.8025
  QMMM:    25       25      C       -4.6215    8.5240    7.4308
  QMMM:    26       26      C        0.6635    4.9347    4.8320
  QMMM:    27       27      C       -0.4217    3.1695    2.2691
  QMMM:    28       28      C       -0.8692    4.9470    4.9408
  QMMM:    29       29      C       -5.3221    8.1168    8.7464
  QMMM:    30       30      C       -0.8735    0.8336    3.0588
  QMMM:    31       31      C       -4.5510    7.0979    9.5529
  QMMM:    32       32      C       -6.7223    7.6161    8.4607
  QMMM:    33       33      C       -2.2098    0.8124    2.3030
  QMMM:    34       34      C       -3.0206   -0.4263    2.6294
  QMMM:    35       35      C       -1.1834    0.7266    4.5687
  QMMM:    36       36      C       -3.9231   -0.2307    3.8590
  QMMM:    37       37      C       -3.0594   -0.9927    6.0788
  QMMM:    38       38      H       -2.3021    6.9057    8.2417
  QMMM:    39       39      H       -0.1927    6.9718    9.1690
  QMMM:    40       40      H        0.5290    6.9896    7.5105
  QMMM:    41       41      H       -0.1142    5.2920    2.2378
  QMMM:    42       42      H        1.1201    9.2210    7.7549
  QMMM:    43       43      H        0.5076    9.1697    9.4539
  QMMM:    44       44      H       -0.7345   10.4395    7.0643
  QMMM:    45       45      H       -1.2775   10.5275    8.7998
  QMMM:    46       46      H        1.5409    3.3399    0.7257
  QMMM:    47       47      H        1.4331    5.1338    0.5419
  QMMM:    48       48      H        3.4702    5.3981    1.6373
  QMMM:    49       49      H        3.6311    3.6006    1.7179
  QMMM:    50       50      H        3.1148    5.4265    3.9461
  QMMM:    51       51      H        3.1263    3.6098    3.9918
  QMMM:    52       52      H       -5.3041    9.2849    6.9282
  QMMM:    53       53      H       -1.3092    5.4872    4.0536
  QMMM:    54       54      H       -1.2211    3.8673    4.9304
  QMMM:    55       55      H       -5.3992    9.0645    9.3563
  QMMM:    56       56      H       -0.9682    5.1580    6.9798
  QMMM:    57       57      H        0.8056    1.9634    3.3401
  QMMM:    58       58      H       -0.2919   -0.0965    2.7710
  QMMM:    59       59      H       -4.4192    6.1433    8.9889
  QMMM:    60       60      H       -3.5466    7.4983    9.8336
  QMMM:    61       61      H       -5.1065    6.8654   10.4948
  QMMM:    62       62      H       -6.6941    6.6531    7.8967
  QMMM:    63       63      H       -7.2691    7.4497    9.4204
  QMMM:    64       64      H       -7.2873    8.3639    7.8539
  QMMM:    65       65      H       -4.0043    7.7747    5.6502
  QMMM:    66       66      H       -3.9894    6.6685    6.8629
  QMMM:    67       67      H       -2.0032    0.8389    1.2003
  QMMM:    68       68      H       -2.7980    1.7374    2.5467
  QMMM:    69       69      H       -2.3244   -1.2961    2.7689
  QMMM:    70       70      H       -3.6789   -0.6656    1.7528
  QMMM:    71       71      H       -5.0039   -0.3028    3.5391
  QMMM:    72       72      H       -3.7575    0.8048    4.2715
  QMMM:    73       73      H       -2.5372    0.3937    7.4631
  QMMM:    74       74      H       -3.4308    1.0114    6.2131
  QMMM:    75       75      H       -2.1351   -2.8104    6.1730
  QMMM:    76       76      H       -1.9156   -1.8682    7.5294
  QMMM:    77       77      H       -3.6401   -2.1576    4.5165

           --------- Calculation Completed ----------

