[2026-08-20 19:43:43] Starting step11_mmpbsa
[2026-08-20 19:43:43] MM-PBSA configuration:
[2026-08-20 19:43:43]   TPR: /home/nanomd/Desktop/Sakthidhasan/md_pipeline/web_jobs/20260820-193119-93455e15/results/production/md.tpr
[2026-08-20 19:43:43]   XTC: /home/nanomd/Desktop/Sakthidhasan/md_pipeline/web_jobs/20260820-193119-93455e15/results/production/md.xtc
[2026-08-20 19:43:43]   Receptor: protein
[2026-08-20 19:43:43]   Ligand: group Ligand
[2026-08-20 19:43:43]   Output: /home/nanomd/Desktop/Sakthidhasan/md_pipeline/web_jobs/20260820-193119-93455e15/analysis/mmpbsa
[2026-08-20 19:43:43] CMD: /home/nanomd/anaconda3/bin/python /home/nanomd/Desktop/Sakthidhasan/md_pipeline/helpers/mmpbsa_calculation.py
/home/nanomd/anaconda3/lib/python3.13/site-packages/MDAnalysis/coordinates/PDB.py:1282: UserWarning: Found no information for attr: 'altLocs' Using default value of ' '
  warnings.warn(
/home/nanomd/anaconda3/lib/python3.13/site-packages/MDAnalysis/coordinates/PDB.py:1282: UserWarning: Found no information for attr: 'icodes' Using default value of ' '
  warnings.warn(
/home/nanomd/anaconda3/lib/python3.13/site-packages/MDAnalysis/coordinates/PDB.py:1282: UserWarning: Found no information for attr: 'occupancies' Using default value of '1.0'
  warnings.warn(
/home/nanomd/anaconda3/lib/python3.13/site-packages/MDAnalysis/coordinates/PDB.py:1282: UserWarning: Found no information for attr: 'tempfactors' Using default value of '0.0'
  warnings.warn(
/home/nanomd/anaconda3/lib/python3.13/site-packages/MDAnalysis/coordinates/PDB.py:1282: UserWarning: Found no information for attr: 'record_types' Using default value of 'ATOM'
  warnings.warn(
/home/nanomd/anaconda3/lib/python3.13/site-packages/MDAnalysis/coordinates/PDB.py:1282: UserWarning: Found no information for attr: 'formalcharges' Using default value of '0'
  warnings.warn(
/home/nanomd/anaconda3/lib/python3.13/site-packages/MDAnalysis/coordinates/PDB.py:1324: UserWarning: Found chainIDs with invalid length. Corresponding atoms will use value of 'X'
  warnings.warn(
/home/nanomd/anaconda3/lib/python3.13/site-packages/MDAnalysis/coordinates/PDB.py:1282: UserWarning: Found no information for attr: 'altLocs' Using default value of ' '
  warnings.warn(
/home/nanomd/anaconda3/lib/python3.13/site-packages/MDAnalysis/coordinates/PDB.py:1282: UserWarning: Found no information for attr: 'icodes' Using default value of ' '
  warnings.warn(
/home/nanomd/anaconda3/lib/python3.13/site-packages/MDAnalysis/coordinates/PDB.py:1282: UserWarning: Found no information for attr: 'occupancies' Using default value of '1.0'
  warnings.warn(
/home/nanomd/anaconda3/lib/python3.13/site-packages/MDAnalysis/coordinates/PDB.py:1282: UserWarning: Found no information for attr: 'tempfactors' Using default value of '0.0'
  warnings.warn(
/home/nanomd/anaconda3/lib/python3.13/site-packages/MDAnalysis/coordinates/PDB.py:1282: UserWarning: Found no information for attr: 'record_types' Using default value of 'ATOM'
  warnings.warn(
/home/nanomd/anaconda3/lib/python3.13/site-packages/MDAnalysis/coordinates/PDB.py:1282: UserWarning: Found no information for attr: 'formalcharges' Using default value of '0'
  warnings.warn(
/home/nanomd/anaconda3/lib/python3.13/site-packages/MDAnalysis/coordinates/PDB.py:1324: UserWarning: Found chainIDs with invalid length. Corresponding atoms will use value of 'X'
  warnings.warn(
/home/nanomd/anaconda3/lib/python3.13/site-packages/MDAnalysis/coordinates/PDB.py:1282: UserWarning: Found no information for attr: 'altLocs' Using default value of ' '
  warnings.warn(
/home/nanomd/anaconda3/lib/python3.13/site-packages/MDAnalysis/coordinates/PDB.py:1282: UserWarning: Found no information for attr: 'icodes' Using default value of ' '
  warnings.warn(
/home/nanomd/anaconda3/lib/python3.13/site-packages/MDAnalysis/coordinates/PDB.py:1282: UserWarning: Found no information for attr: 'occupancies' Using default value of '1.0'
  warnings.warn(
/home/nanomd/anaconda3/lib/python3.13/site-packages/MDAnalysis/coordinates/PDB.py:1282: UserWarning: Found no information for attr: 'tempfactors' Using default value of '0.0'
  warnings.warn(
/home/nanomd/anaconda3/lib/python3.13/site-packages/MDAnalysis/coordinates/PDB.py:1282: UserWarning: Found no information for attr: 'record_types' Using default value of 'ATOM'
  warnings.warn(
/home/nanomd/anaconda3/lib/python3.13/site-packages/MDAnalysis/coordinates/PDB.py:1282: UserWarning: Found no information for attr: 'formalcharges' Using default value of '0'
  warnings.warn(
/home/nanomd/anaconda3/lib/python3.13/site-packages/MDAnalysis/coordinates/PDB.py:1324: UserWarning: Found chainIDs with invalid length. Corresponding atoms will use value of 'X'
  warnings.warn(
/home/nanomd/anaconda3/lib/python3.13/site-packages/MDAnalysis/coordinates/PDB.py:1282: UserWarning: Found no information for attr: 'altLocs' Using default value of ' '
  warnings.warn(
/home/nanomd/anaconda3/lib/python3.13/site-packages/MDAnalysis/coordinates/PDB.py:1282: UserWarning: Found no information for attr: 'icodes' Using default value of ' '
  warnings.warn(
/home/nanomd/anaconda3/lib/python3.13/site-packages/MDAnalysis/coordinates/PDB.py:1282: UserWarning: Found no information for attr: 'occupancies' Using default value of '1.0'
  warnings.warn(
/home/nanomd/anaconda3/lib/python3.13/site-packages/MDAnalysis/coordinates/PDB.py:1282: UserWarning: Found no information for attr: 'tempfactors' Using default value of '0.0'
  warnings.warn(
/home/nanomd/anaconda3/lib/python3.13/site-packages/MDAnalysis/coordinates/PDB.py:1282: UserWarning: Found no information for attr: 'record_types' Using default value of 'ATOM'
  warnings.warn(
/home/nanomd/anaconda3/lib/python3.13/site-packages/MDAnalysis/coordinates/PDB.py:1282: UserWarning: Found no information for attr: 'formalcharges' Using default value of '0'
  warnings.warn(
/home/nanomd/anaconda3/lib/python3.13/site-packages/MDAnalysis/coordinates/PDB.py:1324: UserWarning: Found chainIDs with invalid length. Corresponding atoms will use value of 'X'
  warnings.warn(
/home/nanomd/anaconda3/lib/python3.13/site-packages/MDAnalysis/coordinates/PDB.py:1282: UserWarning: Found no information for attr: 'altLocs' Using default value of ' '
  warnings.warn(
/home/nanomd/anaconda3/lib/python3.13/site-packages/MDAnalysis/coordinates/PDB.py:1282: UserWarning: Found no information for attr: 'icodes' Using default value of ' '
  warnings.warn(
/home/nanomd/anaconda3/lib/python3.13/site-packages/MDAnalysis/coordinates/PDB.py:1282: UserWarning: Found no information for attr: 'occupancies' Using default value of '1.0'
  warnings.warn(
/home/nanomd/anaconda3/lib/python3.13/site-packages/MDAnalysis/coordinates/PDB.py:1282: UserWarning: Found no information for attr: 'tempfactors' Using default value of '0.0'
  warnings.warn(
/home/nanomd/anaconda3/lib/python3.13/site-packages/MDAnalysis/coordinates/PDB.py:1282: UserWarning: Found no information for attr: 'record_types' Using default value of 'ATOM'
  warnings.warn(
/home/nanomd/anaconda3/lib/python3.13/site-packages/MDAnalysis/coordinates/PDB.py:1282: UserWarning: Found no information for attr: 'formalcharges' Using default value of '0'
  warnings.warn(
/home/nanomd/anaconda3/lib/python3.13/site-packages/MDAnalysis/coordinates/PDB.py:1324: UserWarning: Found chainIDs with invalid length. Corresponding atoms will use value of 'X'
  warnings.warn(
/home/nanomd/anaconda3/lib/python3.13/site-packages/MDAnalysis/coordinates/PDB.py:1282: UserWarning: Found no information for attr: 'altLocs' Using default value of ' '
  warnings.warn(
/home/nanomd/anaconda3/lib/python3.13/site-packages/MDAnalysis/coordinates/PDB.py:1282: UserWarning: Found no information for attr: 'icodes' Using default value of ' '
  warnings.warn(
/home/nanomd/anaconda3/lib/python3.13/site-packages/MDAnalysis/coordinates/PDB.py:1282: UserWarning: Found no information for attr: 'occupancies' Using default value of '1.0'
  warnings.warn(
/home/nanomd/anaconda3/lib/python3.13/site-packages/MDAnalysis/coordinates/PDB.py:1282: UserWarning: Found no information for attr: 'tempfactors' Using default value of '0.0'
  warnings.warn(
/home/nanomd/anaconda3/lib/python3.13/site-packages/MDAnalysis/coordinates/PDB.py:1282: UserWarning: Found no information for attr: 'record_types' Using default value of 'ATOM'
  warnings.warn(
/home/nanomd/anaconda3/lib/python3.13/site-packages/MDAnalysis/coordinates/PDB.py:1282: UserWarning: Found no information for attr: 'formalcharges' Using default value of '0'
  warnings.warn(
/home/nanomd/anaconda3/lib/python3.13/site-packages/MDAnalysis/coordinates/PDB.py:1324: UserWarning: Found chainIDs with invalid length. Corresponding atoms will use value of 'X'
  warnings.warn(
/home/nanomd/anaconda3/lib/python3.13/site-packages/MDAnalysis/coordinates/PDB.py:1282: UserWarning: Found no information for attr: 'altLocs' Using default value of ' '
  warnings.warn(
/home/nanomd/anaconda3/lib/python3.13/site-packages/MDAnalysis/coordinates/PDB.py:1282: UserWarning: Found no information for attr: 'icodes' Using default value of ' '
  warnings.warn(
/home/nanomd/anaconda3/lib/python3.13/site-packages/MDAnalysis/coordinates/PDB.py:1282: UserWarning: Found no information for attr: 'occupancies' Using default value of '1.0'
  warnings.warn(
/home/nanomd/anaconda3/lib/python3.13/site-packages/MDAnalysis/coordinates/PDB.py:1282: UserWarning: Found no information for attr: 'tempfactors' Using default value of '0.0'
  warnings.warn(
/home/nanomd/anaconda3/lib/python3.13/site-packages/MDAnalysis/coordinates/PDB.py:1282: UserWarning: Found no information for attr: 'record_types' Using default value of 'ATOM'
  warnings.warn(
/home/nanomd/anaconda3/lib/python3.13/site-packages/MDAnalysis/coordinates/PDB.py:1282: UserWarning: Found no information for attr: 'formalcharges' Using default value of '0'
  warnings.warn(
/home/nanomd/anaconda3/lib/python3.13/site-packages/MDAnalysis/coordinates/PDB.py:1324: UserWarning: Found chainIDs with invalid length. Corresponding atoms will use value of 'X'
  warnings.warn(
/home/nanomd/anaconda3/lib/python3.13/site-packages/MDAnalysis/coordinates/PDB.py:1282: UserWarning: Found no information for attr: 'altLocs' Using default value of ' '
  warnings.warn(
/home/nanomd/anaconda3/lib/python3.13/site-packages/MDAnalysis/coordinates/PDB.py:1282: UserWarning: Found no information for attr: 'icodes' Using default value of ' '
  warnings.warn(
/home/nanomd/anaconda3/lib/python3.13/site-packages/MDAnalysis/coordinates/PDB.py:1282: UserWarning: Found no information for attr: 'occupancies' Using default value of '1.0'
  warnings.warn(
/home/nanomd/anaconda3/lib/python3.13/site-packages/MDAnalysis/coordinates/PDB.py:1282: UserWarning: Found no information for attr: 'tempfactors' Using default value of '0.0'
  warnings.warn(
/home/nanomd/anaconda3/lib/python3.13/site-packages/MDAnalysis/coordinates/PDB.py:1282: UserWarning: Found no information for attr: 'record_types' Using default value of 'ATOM'
  warnings.warn(
/home/nanomd/anaconda3/lib/python3.13/site-packages/MDAnalysis/coordinates/PDB.py:1282: UserWarning: Found no information for attr: 'formalcharges' Using default value of '0'
  warnings.warn(
/home/nanomd/anaconda3/lib/python3.13/site-packages/MDAnalysis/coordinates/PDB.py:1324: UserWarning: Found chainIDs with invalid length. Corresponding atoms will use value of 'X'
  warnings.warn(
/home/nanomd/anaconda3/lib/python3.13/site-packages/MDAnalysis/coordinates/PDB.py:1282: UserWarning: Found no information for attr: 'altLocs' Using default value of ' '
  warnings.warn(
/home/nanomd/anaconda3/lib/python3.13/site-packages/MDAnalysis/coordinates/PDB.py:1282: UserWarning: Found no information for attr: 'icodes' Using default value of ' '
  warnings.warn(
/home/nanomd/anaconda3/lib/python3.13/site-packages/MDAnalysis/coordinates/PDB.py:1282: UserWarning: Found no information for attr: 'occupancies' Using default value of '1.0'
  warnings.warn(
/home/nanomd/anaconda3/lib/python3.13/site-packages/MDAnalysis/coordinates/PDB.py:1282: UserWarning: Found no information for attr: 'tempfactors' Using default value of '0.0'
  warnings.warn(
/home/nanomd/anaconda3/lib/python3.13/site-packages/MDAnalysis/coordinates/PDB.py:1282: UserWarning: Found no information for attr: 'record_types' Using default value of 'ATOM'
  warnings.warn(
/home/nanomd/anaconda3/lib/python3.13/site-packages/MDAnalysis/coordinates/PDB.py:1282: UserWarning: Found no information for attr: 'formalcharges' Using default value of '0'
  warnings.warn(
/home/nanomd/anaconda3/lib/python3.13/site-packages/MDAnalysis/coordinates/PDB.py:1324: UserWarning: Found chainIDs with invalid length. Corresponding atoms will use value of 'X'
  warnings.warn(
/home/nanomd/anaconda3/lib/python3.13/site-packages/MDAnalysis/coordinates/PDB.py:1282: UserWarning: Found no information for attr: 'altLocs' Using default value of ' '
  warnings.warn(
/home/nanomd/anaconda3/lib/python3.13/site-packages/MDAnalysis/coordinates/PDB.py:1282: UserWarning: Found no information for attr: 'icodes' Using default value of ' '
  warnings.warn(
/home/nanomd/anaconda3/lib/python3.13/site-packages/MDAnalysis/coordinates/PDB.py:1282: UserWarning: Found no information for attr: 'occupancies' Using default value of '1.0'
  warnings.warn(
/home/nanomd/anaconda3/lib/python3.13/site-packages/MDAnalysis/coordinates/PDB.py:1282: UserWarning: Found no information for attr: 'tempfactors' Using default value of '0.0'
  warnings.warn(
/home/nanomd/anaconda3/lib/python3.13/site-packages/MDAnalysis/coordinates/PDB.py:1282: UserWarning: Found no information for attr: 'record_types' Using default value of 'ATOM'
  warnings.warn(
/home/nanomd/anaconda3/lib/python3.13/site-packages/MDAnalysis/coordinates/PDB.py:1282: UserWarning: Found no information for attr: 'formalcharges' Using default value of '0'
  warnings.warn(
/home/nanomd/anaconda3/lib/python3.13/site-packages/MDAnalysis/coordinates/PDB.py:1324: UserWarning: Found chainIDs with invalid length. Corresponding atoms will use value of 'X'
  warnings.warn(
/home/nanomd/anaconda3/lib/python3.13/site-packages/MDAnalysis/coordinates/PDB.py:1282: UserWarning: Found no information for attr: 'altLocs' Using default value of ' '
  warnings.warn(
/home/nanomd/anaconda3/lib/python3.13/site-packages/MDAnalysis/coordinates/PDB.py:1282: UserWarning: Found no information for attr: 'icodes' Using default value of ' '
  warnings.warn(
/home/nanomd/anaconda3/lib/python3.13/site-packages/MDAnalysis/coordinates/PDB.py:1282: UserWarning: Found no information for attr: 'occupancies' Using default value of '1.0'
  warnings.warn(
/home/nanomd/anaconda3/lib/python3.13/site-packages/MDAnalysis/coordinates/PDB.py:1282: UserWarning: Found no information for attr: 'tempfactors' Using default value of '0.0'
  warnings.warn(
/home/nanomd/anaconda3/lib/python3.13/site-packages/MDAnalysis/coordinates/PDB.py:1282: UserWarning: Found no information for attr: 'record_types' Using default value of 'ATOM'
  warnings.warn(
/home/nanomd/anaconda3/lib/python3.13/site-packages/MDAnalysis/coordinates/PDB.py:1282: UserWarning: Found no information for attr: 'formalcharges' Using default value of '0'
  warnings.warn(
/home/nanomd/anaconda3/lib/python3.13/site-packages/MDAnalysis/coordinates/PDB.py:1324: UserWarning: Found chainIDs with invalid length. Corresponding atoms will use value of 'X'
  warnings.warn(
GROMACS: gmx (unknown)
Trajectory: /home/nanomd/Desktop/Sakthidhasan/md_pipeline/web_jobs/20260820-193119-93455e15/results/production/md.xtc
Topology: /home/nanomd/Desktop/Sakthidhasan/md_pipeline/web_jobs/20260820-193119-93455e15/results/production/md.tpr
Loaded index groups: ['System', 'Protein', 'Protein-H', 'C-alpha', 'Backbone', 'MainChain', 'MainChain+Cb', 'MainChain+H', 'SideChain', 'SideChain-H', 'Prot-Masses', 'non-Protein', 'Ligand', 'UNK', 'NA', 'CL', 'Water', 'SOL', 'non-Water', 'Ion', 'Water_and_ions', 'Protein_Ligand']
Trajectory contains 101 frames
Receptor: 1823 atoms | Ligand: 77 atoms
Processing 11 frames (every 10 frame(s))

--- Setting up energy groups ---
Index groups: Receptor (1823 atoms), Ligand (77 atoms)

  Frame 1/11 (frame=0, t=0.0 ps)
    Warning: grompp failed, skipping MM energy for this frame
    Warning: PB calculation failed: [Errno 13] Permission denied: 'pdb2pqr'
    SA: ΔSA=354758.3 Å²  ΔG_SA=+2554.26 kcal/mol
    ΔG_total = +2554.26 kcal/mol

  Frame 2/11 (frame=10, t=100.0 ps)
    Warning: grompp failed, skipping MM energy for this frame
    Warning: PB calculation failed: [Errno 13] Permission denied: 'pdb2pqr'
    SA: ΔSA=353781.1 Å²  ΔG_SA=+2547.22 kcal/mol
    ΔG_total = +2547.22 kcal/mol

  Frame 3/11 (frame=20, t=200.0 ps)
    Warning: grompp failed, skipping MM energy for this frame
    Warning: PB calculation failed: [Errno 13] Permission denied: 'pdb2pqr'
    SA: ΔSA=354155.7 Å²  ΔG_SA=+2549.92 kcal/mol
    ΔG_total = +2549.92 kcal/mol

  Frame 4/11 (frame=30, t=300.0 ps)
    Warning: grompp failed, skipping MM energy for this frame
    Warning: PB calculation failed: [Errno 13] Permission denied: 'pdb2pqr'
    SA: ΔSA=354025.4 Å²  ΔG_SA=+2548.98 kcal/mol
    ΔG_total = +2548.98 kcal/mol

  Frame 5/11 (frame=40, t=400.0 ps)
    Warning: grompp failed, skipping MM energy for this frame
    Warning: PB calculation failed: [Errno 13] Permission denied: 'pdb2pqr'
    SA: ΔSA=353846.3 Å²  ΔG_SA=+2547.69 kcal/mol
    ΔG_total = +2547.69 kcal/mol

  Frame 6/11 (frame=50, t=500.0 ps)
    Warning: grompp failed, skipping MM energy for this frame
    Warning: PB calculation failed: [Errno 13] Permission denied: 'pdb2pqr'
    SA: ΔSA=353683.4 Å²  ΔG_SA=+2546.52 kcal/mol
    ΔG_total = +2546.52 kcal/mol

  Frame 7/11 (frame=60, t=600.0 ps)
    Warning: grompp failed, skipping MM energy for this frame
    Warning: PB calculation failed: [Errno 13] Permission denied: 'pdb2pqr'
    SA: ΔSA=354465.1 Å²  ΔG_SA=+2552.15 kcal/mol
    ΔG_total = +2552.15 kcal/mol

  Frame 8/11 (frame=70, t=700.0 ps)
    Warning: grompp failed, skipping MM energy for this frame
    Warning: PB calculation failed: [Errno 13] Permission denied: 'pdb2pqr'
    SA: ΔSA=354448.9 Å²  ΔG_SA=+2552.03 kcal/mol
    ΔG_total = +2552.03 kcal/mol

  Frame 9/11 (frame=80, t=800.0 ps)
    Warning: grompp failed, skipping MM energy for this frame
    Warning: PB calculation failed: [Errno 13] Permission denied: 'pdb2pqr'
    SA: ΔSA=354123.1 Å²  ΔG_SA=+2549.69 kcal/mol
    ΔG_total = +2549.69 kcal/mol

  Frame 10/11 (frame=90, t=900.0 ps)
    Warning: grompp failed, skipping MM energy for this frame
    Warning: PB calculation failed: [Errno 13] Permission denied: 'pdb2pqr'
    SA: ΔSA=353895.1 Å²  ΔG_SA=+2548.04 kcal/mol
    ΔG_total = +2548.04 kcal/mol

  Frame 11/11 (frame=100, t=1000.0 ps)
    Warning: grompp failed, skipping MM energy for this frame
    Warning: PB calculation failed: [Errno 13] Permission denied: 'pdb2pqr'
    SA: ΔSA=354334.9 Å²  ΔG_SA=+2551.21 kcal/mol
    ΔG_total = +2551.21 kcal/mol

Per-frame results: /home/nanomd/Desktop/Sakthidhasan/md_pipeline/web_jobs/20260820-193119-93455e15/analysis/mmpbsa/mmpbsa_results.csv
Summary: /home/nanomd/Desktop/Sakthidhasan/md_pipeline/web_jobs/20260820-193119-93455e15/analysis/mmpbsa/mmpbsa_summary.csv
JSON summary: /home/nanomd/Desktop/Sakthidhasan/md_pipeline/web_jobs/20260820-193119-93455e15/analysis/mmpbsa/mmpbsa_summary.json
Decomposition plot: /home/nanomd/Desktop/Sakthidhasan/md_pipeline/web_jobs/20260820-193119-93455e15/analysis/mmpbsa/mmpbsa_decomposition.png
Time series plot: /home/nanomd/Desktop/Sakthidhasan/md_pipeline/web_jobs/20260820-193119-93455e15/analysis/mmpbsa/mmpbsa_timeseries.png

MM-PBSA calculation complete.
[2026-08-20 19:45:18] CMD: /home/nanomd/anaconda3/bin/python /home/nanomd/Desktop/Sakthidhasan/md_pipeline/helpers/generate_report.py
PDF report generated: /home/nanomd/Desktop/Sakthidhasan/md_pipeline/web_jobs/20260820-193119-93455e15/results/md_report.pdf
[2026-08-20 19:45:20] PDF report: /home/nanomd/Desktop/Sakthidhasan/md_pipeline/web_jobs/20260820-193119-93455e15/results/md_report.pdf
[2026-08-20 19:45:20] Finished step11_mmpbsa
