[2026-08-20 19:33:32] Starting step4_define_box
[2026-08-20 19:33:32] CMD: gmx_cmd editconf -f /home/nanomd/Desktop/Sakthidhasan/md_pipeline/web_jobs/20260820-193119-93455e15/work/03_complex/complex.gro -o /home/nanomd/Desktop/Sakthidhasan/md_pipeline/web_jobs/20260820-193119-93455e15/work/04_box/boxed.gro -bt dodecahedron -d 1.0 -c
                     :-) GROMACS - gmx editconf, 2025.2 (-:

Executable:   /home/nanomd/gromacs/bin/gmx
Data prefix:  /home/nanomd/gromacs
Working dir:  /home/nanomd/Desktop/Sakthidhasan/md_pipeline
Command line:
  gmx editconf -f /home/nanomd/Desktop/Sakthidhasan/md_pipeline/web_jobs/20260820-193119-93455e15/work/03_complex/complex.gro -o /home/nanomd/Desktop/Sakthidhasan/md_pipeline/web_jobs/20260820-193119-93455e15/work/04_box/boxed.gro -bt dodecahedron -d 1.0 -c


GROMACS reminds you: "The best model of a cat is another cat..., specially the same cat." (Arturo Rosenblueth)

Note that major changes are planned in future for editconf, to improve usability and utility.
Read 1900 atoms
Volume: 60.2972 nm^3, corresponds to roughly 27100 electrons
No velocities found
    system size :  4.575  3.338  3.948 (nm)
    diameter    :  5.034               (nm)
    center      :  0.035 -0.035 -0.021 (nm)
    box vectors :  4.576  3.338  3.948 (nm)
    box angles  :  90.00  90.00  90.00 (degrees)
    box volume  :  60.30               (nm^3)
    shift       :  5.241  5.310  2.508 (nm)
new center      :  5.276  5.276  2.487 (nm)
new box vectors :  7.034  7.034  7.034 (nm)
new box angles  :  60.00  60.00  90.00 (degrees)
new box volume  : 246.10               (nm^3)
[2026-08-20 19:33:32] Finished step4_define_box
