[2026-08-20 19:31:22] Starting step1_protein_prep
[2026-08-20 19:31:22] CMD: /home/nanomd/anaconda3/bin/python /home/nanomd/Desktop/Sakthidhasan/md_pipeline/helpers/split_docking_pdb.py /home/nanomd/Desktop/Sakthidhasan/md_pipeline/web_jobs/20260820-193119-93455e15/inputs/docking_complex.pdb /home/nanomd/Desktop/Sakthidhasan/md_pipeline/web_jobs/20260820-193119-93455e15/work/01_protein/protein.cleaned.pdb /home/nanomd/Desktop/Sakthidhasan/md_pipeline/web_jobs/20260820-193119-93455e15/work/00_docking/ligand.pdb LIG yes
Warning: no atoms matched residue name(s) LIG; falling back to all HETATM records in the docking complex.
[2026-08-20 19:31:22] CMD: gmx pdb2gmx -f /home/nanomd/Desktop/Sakthidhasan/md_pipeline/web_jobs/20260820-193119-93455e15/work/01_protein/protein.cleaned.pdb -o /home/nanomd/Desktop/Sakthidhasan/md_pipeline/web_jobs/20260820-193119-93455e15/work/01_protein/protein_processed.gro -p /home/nanomd/Desktop/Sakthidhasan/md_pipeline/web_jobs/20260820-193119-93455e15/work/01_protein/topol.top -i /home/nanomd/Desktop/Sakthidhasan/md_pipeline/web_jobs/20260820-193119-93455e15/work/01_protein/posre.itp -ff amber99sb-ildn -water tip3p -ignh
                     :-) GROMACS - gmx pdb2gmx, 2025.2 (-:

Executable:   /home/nanomd/gromacs/bin/gmx
Data prefix:  /home/nanomd/gromacs
Working dir:  /home/nanomd/Desktop/Sakthidhasan/md_pipeline
Command line:
  gmx pdb2gmx -f /home/nanomd/Desktop/Sakthidhasan/md_pipeline/web_jobs/20260820-193119-93455e15/work/01_protein/protein.cleaned.pdb -o /home/nanomd/Desktop/Sakthidhasan/md_pipeline/web_jobs/20260820-193119-93455e15/work/01_protein/protein_processed.gro -p /home/nanomd/Desktop/Sakthidhasan/md_pipeline/web_jobs/20260820-193119-93455e15/work/01_protein/topol.top -i /home/nanomd/Desktop/Sakthidhasan/md_pipeline/web_jobs/20260820-193119-93455e15/work/01_protein/posre.itp -ff amber99sb-ildn -water tip3p -ignh

Opening force field file /home/nanomd/gromacs/share/gromacs/top/amber99sb-ildn.ff/aminoacids.r2b
Opening force field file /home/nanomd/gromacs/share/gromacs/top/amber99sb-ildn.ff/dna.r2b
Opening force field file /home/nanomd/gromacs/share/gromacs/top/amber99sb-ildn.ff/rna.r2b
All occupancies are one
Opening force field file /home/nanomd/gromacs/share/gromacs/top/amber99sb-ildn.ff/atomtypes.atp
Opening force field file /home/nanomd/gromacs/share/gromacs/top/amber99sb-ildn.ff/aminoacids.rtp
Opening force field file /home/nanomd/gromacs/share/gromacs/top/amber99sb-ildn.ff/dna.rtp
Opening force field file /home/nanomd/gromacs/share/gromacs/top/amber99sb-ildn.ff/rna.rtp
Opening force field file /home/nanomd/gromacs/share/gromacs/top/amber99sb-ildn.ff/aminoacids.hdb
Opening force field file /home/nanomd/gromacs/share/gromacs/top/amber99sb-ildn.ff/dna.hdb
Opening force field file /home/nanomd/gromacs/share/gromacs/top/amber99sb-ildn.ff/rna.hdb
Opening force field file /home/nanomd/gromacs/share/gromacs/top/amber99sb-ildn.ff/aminoacids.n.tdb
Opening force field file /home/nanomd/gromacs/share/gromacs/top/amber99sb-ildn.ff/aminoacids.c.tdb
9 out of 9 lines of specbond.dat converted successfully
Special Atom Distance matrix:
                    MET1   MET11   CYX14   CYX29   CYX31   CYX46   CYX47
                     SD7    SD95   SG119   SG249   SG267   SG370   SG376
   MET11    SD95   1.330
   CYX14   SG119   1.650   0.801
   CYX29   SG249   2.309   2.360   2.759
   CYX31   SG267   1.625   1.548   1.890   0.877
   CYX46   SG370   2.035   1.367   1.608   1.391   0.786
   CYX47   SG376   1.598   1.381   1.759   1.007   0.203   0.649
   CYX53   SG425   1.946   1.082   1.791   1.966   1.471   1.240   1.282
   CYX63   SG508   1.890   1.449   2.235   2.588   2.140   2.163   1.989
   CYX74   SG613   1.650   0.906   0.203   2.921   2.047   1.803   1.923
   CYX81   SG660   1.806   0.571   1.118   2.707   1.968   1.652   1.779
   CYX88   SG704   1.856   1.420   2.186   2.738   2.245   2.261   2.093
   CYX93   SG732   1.650   0.521   1.137   2.702   1.958   1.723   1.776
   CYX95   SG746   1.789   0.974   1.727   2.025   1.490   1.333   1.305
  CYX102   SG797   2.108   1.307   1.562   1.551   0.962   0.204   0.804
  CYX121   SG948   2.303   2.464   2.866   0.203   0.976   1.561   1.124
                   CYX53   CYX63   CYX74   CYX81   CYX88   CYX93   CYX95
                   SG425   SG508   SG613   SG660   SG704   SG732   SG746
   CYX63   SG508   1.016
   CYX74   SG613   1.939   2.308
   CYX81   SG660   1.008   1.288   1.203
   CYX88   SG704   1.136   0.204   2.243   1.239
   CYX93   SG732   1.045   1.187   1.202   0.204   1.120
   CYX95   SG746   0.204   0.861   1.861   0.917   0.968   0.918
  CYX102   SG797   1.139   2.097   1.762   1.532   2.192   1.621   1.246
  CYX121   SG948   2.100   2.662   3.021   2.829   2.809   2.812   2.145
                  CYX102
                   SG797
  CYX121   SG948   1.726
Linking CYX-14 SG-119 and CYX-74 SG-613...
Linking CYX-29 SG-249 and CYX-121 SG-948...
Linking CYX-31 SG-267 and CYX-47 SG-376...
Linking CYX-46 SG-370 and CYX-102 SG-797...
Linking CYX-53 SG-425 and CYX-95 SG-746...
Linking CYX-63 SG-508 and CYX-88 SG-704...
Linking CYX-81 SG-660 and CYX-93 SG-732...
Opening force field file /home/nanomd/gromacs/share/gromacs/top/amber99sb-ildn.ff/aminoacids.arn
Opening force field file /home/nanomd/gromacs/share/gromacs/top/amber99sb-ildn.ff/dna.arn
Opening force field file /home/nanomd/gromacs/share/gromacs/top/amber99sb-ildn.ff/rna.arn
Before cleaning: 4833 pairs
Before cleaning: 5145 dihedrals

GROMACS reminds you: "Come and play on the hospital roof, I got something that's yours" (Sherlock)

Using the Amber99sb-ildn force field in directory amber99sb-ildn.ff

going to rename amber99sb-ildn.ff/aminoacids.r2b

going to rename amber99sb-ildn.ff/dna.r2b

going to rename amber99sb-ildn.ff/rna.r2b
Reading /home/nanomd/Desktop/Sakthidhasan/md_pipeline/web_jobs/20260820-193119-93455e15/work/01_protein/protein.cleaned.pdb...
Read '', 958 atoms

Analyzing pdb file
Splitting chemical chains based on TER records or chain id changing.

There are 1 chains and 0 blocks of water and 122 residues with 958 atoms

  chain  #res #atoms

  1 'A'   122    958  

All occupancies are one

Reading residue database... (Amber99sb-ildn)

Processing chain 1 'A' (958 atoms, 122 residues)

Identified residue MET1 as a starting terminus.

Identified residue GLN122 as a ending terminus.

Checking for duplicate atoms....

Generating any missing hydrogen atoms and/or adding termini.

Now there are 122 residues with 1823 atoms

Making bonds...

Number of bonds was 1856, now 1855

Generating angles, dihedrals and pairs...

Making cmap torsions...

There are 5145 dihedrals,  418 impropers, 3313 angles
          4785 pairs,     1855 bonds and     0 virtual sites

Total mass 13760.480 a.m.u.

Total charge -1.000 e

Writing topology

Writing coordinate file...

		--------- PLEASE NOTE ------------

You have successfully generated a topology from: /home/nanomd/Desktop/Sakthidhasan/md_pipeline/web_jobs/20260820-193119-93455e15/work/01_protein/protein.cleaned.pdb.

The Amber99sb-ildn force field and the tip3p water model are used.

		--------- ETON ESAELP ------------
[2026-08-20 19:31:22] CMD: gmx_cmd editconf -f /home/nanomd/Desktop/Sakthidhasan/md_pipeline/web_jobs/20260820-193119-93455e15/work/01_protein/protein_processed.gro -o /home/nanomd/Desktop/Sakthidhasan/md_pipeline/web_jobs/20260820-193119-93455e15/work/01_protein/protein_processed.pdb
                     :-) GROMACS - gmx editconf, 2025.2 (-:

Executable:   /home/nanomd/gromacs/bin/gmx
Data prefix:  /home/nanomd/gromacs
Working dir:  /home/nanomd/Desktop/Sakthidhasan/md_pipeline
Command line:
  gmx editconf -f /home/nanomd/Desktop/Sakthidhasan/md_pipeline/web_jobs/20260820-193119-93455e15/work/01_protein/protein_processed.gro -o /home/nanomd/Desktop/Sakthidhasan/md_pipeline/web_jobs/20260820-193119-93455e15/work/01_protein/protein_processed.pdb


GROMACS reminds you: "Come and play on the hospital roof, I got something that's yours" (Sherlock)

Note that major changes are planned in future for editconf, to improve usability and utility.
Read 1823 atoms
Volume: 60.2972 nm^3, corresponds to roughly 27100 electrons
No velocities found
[2026-08-20 19:31:22] Finished step1_protein_prep
